------------------------------------------------------------------------------------------------------------------------------------------------
      name:  <unnamed>
       log:  /Users/bradleychao/Desktop/EC15_Research/Data_Manip/R&R_MPS.log
  log type:  text
 opened on:   2 May 2023, 22:34:29

. *******************************************************************************/
. 
. 
. * Import 2 Datasets:
. * (1) R&R OG 1960-1996
. 
. use "$path/original_dataset.dta", clear

. 
. * Adjust for date compatibility issue between Stata and Python
. gen monthseq = _n - 1

. 
. scalar basedate = mdy(1, 1, 1969)

. gen date = mofd(basedate) + monthseq

. 
. * Clean Data
. drop monthseq

. 
. order index date Romer log_SP500

. 
. format date %tm

. tsset date, monthly

Time variable: date, 1969m1 to 1996m12
        Delta: 1 month

. 
. gen fdiff_l500 = d.log_SP500
(1 missing value generated)

. 
. local hmax = 24

. 
. * Cumulative
. forvalues h = 0/`hmax' {
  2.         gen dep`h' = f`h'.log_SP500 - l.log_SP500
  3. }
(1 missing value generated)
(2 missing values generated)
(3 missing values generated)
(4 missing values generated)
(5 missing values generated)
(6 missing values generated)
(7 missing values generated)
(8 missing values generated)
(9 missing values generated)
(10 missing values generated)
(11 missing values generated)
(12 missing values generated)
(13 missing values generated)
(14 missing values generated)
(15 missing values generated)
(16 missing values generated)
(17 missing values generated)
(18 missing values generated)
(19 missing values generated)
(20 missing values generated)
(21 missing values generated)
(22 missing values generated)
(23 missing values generated)
(24 missing values generated)
(25 missing values generated)

. 
. gen Years = _n-1 if _n<= `hmax'
(312 missing values generated)

. gen Zero = 0 if _n<=`hmax'
(312 missing values generated)

. gen b = 0

. gen u = 0

. gen d = 0

. 
. local lag=12

. 
. * Compute Lag for Romer
. forvalues h = 0/`hmax' {
  2.     newey dep`h' L(0/`lag').Romer L(1/`lag').fdiff_l500, lag(`h') 
  3.         * Multiply by log-level coefficient by 100 to get dY%/dX
.     replace b = 100*_b[Romer]                     if _n == `h'+1
  4.         * Use 90% confidence interval
.     replace u = 100*(_b[Romer] + 1.645* _se[Romer]) if _n == `h'+1
  5.     replace d = 100*(_b[Romer] - 1.645* _se[Romer]) if _n == `h'+1
  6.     eststo
  7. }

Regression with Newey–West standard errors      Number of obs     =        323
Maximum lag = 0                                 F( 25,       297) =       1.83
                                                Prob > F          =     0.0103

------------------------------------------------------------------------------
             |             Newey–West
        dep0 | Coefficient  std. err.      t    P>|t|     [95% conf. interval]
-------------+----------------------------------------------------------------
       Romer |
         --. |   -.006046   .0066547    -0.91   0.364    -.0191424    .0070504
         L1. |  -.0104303   .0053586    -1.95   0.053     -.020976    .0001154
         L2. |  -.0027281   .0064217    -0.42   0.671    -.0153658    .0099096
         L3. |  -.0013564   .0053137    -0.26   0.799    -.0118137    .0091008
         L4. |     -.0099   .0060876    -1.63   0.105    -.0218804    .0020804
         L5. |  -.0014336   .0051213    -0.28   0.780    -.0115123    .0086451
         L6. |  -.0080077   .0050172    -1.60   0.112    -.0178815    .0018661
         L7. |   .0063412   .0079498     0.80   0.426    -.0093039    .0219863
         L8. |   .0017978   .0059286     0.30   0.762    -.0098696    .0134652
         L9. |   .0007142   .0050482     0.14   0.888    -.0092206     .010649
        L10. |   -.001859   .0071404    -0.26   0.795    -.0159113    .0121932
        L11. |   .0011225   .0079307     0.14   0.888    -.0144849    .0167299
        L12. |   .0028194   .0051968     0.54   0.588    -.0074078    .0130466
             |
  fdiff_l500 |
         L1. |   .3139508   .0734754     4.27   0.000     .1693524    .4585492
         L2. |  -.0799919    .058112    -1.38   0.170    -.1943553    .0343714
         L3. |   .0332428    .064034     0.52   0.604     -.092775    .1592606
         L4. |  -.0021097   .0649557    -0.03   0.974    -.1299415    .1257221
         L5. |   .0768248    .068236     1.13   0.261    -.0574625    .2111122
         L6. |  -.0571841   .0669682    -0.85   0.394    -.1889764    .0746083
         L7. |  -.0319027   .0659949    -0.48   0.629    -.1617796    .0979743
         L8. |   .0481124   .0642253     0.75   0.454    -.0782819    .1745067
         L9. |  -.0612783    .063665    -0.96   0.337      -.18657    .0640134
        L10. |    .012348   .0623006     0.20   0.843    -.1102585    .1349545
        L11. |    .123527   .0713967     1.73   0.085    -.0169806    .2640346
        L12. |  -.0778656   .0709877    -1.10   0.274    -.2175683     .061837
             |
       _cons |    .004593   .0024502     1.87   0.062    -.0002289     .009415
------------------------------------------------------------------------------
(1 real change made)
(1 real change made)
(1 real change made)
(est1 stored)

Regression with Newey–West standard errors      Number of obs     =        322
Maximum lag = 1                                 F( 25,       296) =       1.32
                                                Prob > F          =     0.1447

------------------------------------------------------------------------------
             |             Newey–West
        dep1 | Coefficient  std. err.      t    P>|t|     [95% conf. interval]
-------------+----------------------------------------------------------------
       Romer |
         --. |  -.0190727   .0091484    -2.08   0.038    -.0370769   -.0010685
         L1. |  -.0161836   .0096377    -1.68   0.094    -.0351507    .0027835
         L2. |  -.0044922   .0108106    -0.42   0.678    -.0257674    .0167831
         L3. |  -.0116837   .0085319    -1.37   0.172    -.0284745    .0051071
         L4. |   -.012709   .0087698    -1.45   0.148     -.029968      .00455
         L5. |  -.0095287   .0079924    -1.19   0.234    -.0252577    .0062004
         L6. |  -.0037065   .0083647    -0.44   0.658    -.0201683    .0127553
         L7. |   .0087462   .0107194     0.82   0.415    -.0123498    .0298422
         L8. |   .0037125   .0083129     0.45   0.655    -.0126474    .0200723
         L9. |  -.0008128   .0099766    -0.08   0.935    -.0204468    .0188212
        L10. |  -.0014434   .0113907    -0.13   0.899    -.0238604    .0209737
        L11. |   .0048728   .0100022     0.49   0.626    -.0148117    .0245572
        L12. |   .0009519   .0084866     0.11   0.911    -.0157499    .0176536
             |
  fdiff_l500 |
         L1. |   .3204486    .117474     2.73   0.007     .0892585    .5516386
         L2. |  -.0674008   .0946823    -0.71   0.477    -.2537366     .118935
         L3. |    .039852   .0933899     0.43   0.670    -.1439404    .2236443
         L4. |    .075611   .1008199     0.75   0.454    -.1228036    .2740256
         L5. |   .0374117   .0988238     0.38   0.705    -.1570747    .2318981
         L6. |   -.114769   .0971513    -1.18   0.238    -.3059638    .0764258
         L7. |   .0028311   .0940954     0.03   0.976    -.1823497    .1880118
         L8. |  -.0007785   .1130054    -0.01   0.995    -.2231743    .2216172
         L9. |  -.0626673   .1001002    -0.63   0.532    -.2596655     .134331
        L10. |   .1257904   .0970723     1.30   0.196    -.0652489    .3168297
        L11. |   .0918319   .0976056     0.94   0.348    -.1002569    .2839207
        L12. |  -.1128142   .0971726    -1.16   0.247    -.3040508    .0784225
             |
       _cons |   .0109837    .004672     2.35   0.019     .0017891    .0201783
------------------------------------------------------------------------------
(1 real change made)
(1 real change made)
(1 real change made)
(est2 stored)

Regression with Newey–West standard errors      Number of obs     =        321
Maximum lag = 2                                 F( 25,       295) =       1.11
                                                Prob > F          =     0.3337

------------------------------------------------------------------------------
             |             Newey–West
        dep2 | Coefficient  std. err.      t    P>|t|     [95% conf. interval]
-------------+----------------------------------------------------------------
       Romer |
         --. |   -.027021   .0132569    -2.04   0.042    -.0531112   -.0009309
         L1. |   -.017043   .0128297    -1.33   0.185    -.0422923    .0082064
         L2. |  -.0139445   .0126467    -1.10   0.271    -.0388336    .0109447
         L3. |  -.0145414   .0106032    -1.37   0.171    -.0354089    .0063261
         L4. |  -.0178824   .0114093    -1.57   0.118    -.0403363    .0045715
         L5. |  -.0051742   .0104476    -0.50   0.621    -.0257355    .0153871
         L6. |  -.0001032   .0105571    -0.01   0.992      -.02088    .0206737
         L7. |   .0086419   .0127872     0.68   0.500    -.0165238    .0338076
         L8. |   .0032943   .0137703     0.24   0.811    -.0238061    .0303947
         L9. |  -.0013337   .0148053    -0.09   0.928    -.0304711    .0278036
        L10. |   .0029753   .0132538     0.22   0.823    -.0231086    .0290593
        L11. |   .0050188   .0099544     0.50   0.615    -.0145718    .0246095
        L12. |  -.0021085   .0110572    -0.19   0.849    -.0238695    .0196525
             |
  fdiff_l500 |
         L1. |   .3252497   .1141436     2.85   0.005     .1006107    .5498887
         L2. |  -.0562658   .1246501    -0.45   0.652    -.3015819    .1890502
         L3. |   .1041826   .1161983     0.90   0.371    -.1245001    .3328653
         L4. |   .0495583   .1170631     0.42   0.672    -.1808262    .2799429
         L5. |  -.0411313   .1216792    -0.34   0.736    -.2806007    .1983381
         L6. |  -.0892764   .1155932    -0.77   0.441    -.3167682    .1382154
         L7. |  -.0355063   .1281254    -0.28   0.782    -.2876618    .2166493
         L8. |  -.0109201   .1360441    -0.08   0.936    -.2786601    .2568199
         L9. |   .0532273   .1085469     0.49   0.624    -.1603972    .2668518
        L10. |   .0736879   .1003711     0.73   0.463    -.1238462     .271222
        L11. |    .090156   .1020224     0.88   0.378     -.110628    .2909399
        L12. |  -.1927584    .115269    -1.67   0.096    -.4196122    .0340955
             |
       _cons |   .0178171   .0071281     2.50   0.013     .0037888    .0318454
------------------------------------------------------------------------------
(1 real change made)
(1 real change made)
(1 real change made)
(est3 stored)

Regression with Newey–West standard errors      Number of obs     =        320
Maximum lag = 3                                 F( 25,       294) =       0.86
                                                Prob > F          =     0.6642

------------------------------------------------------------------------------
             |             Newey–West
        dep3 | Coefficient  std. err.      t    P>|t|     [95% conf. interval]
-------------+----------------------------------------------------------------
       Romer |
         --. |  -.0290649   .0163643    -1.78   0.077    -.0612709     .003141
         L1. |    -.02589   .0158465    -1.63   0.103    -.0570769    .0052969
         L2. |  -.0163642   .0147376    -1.11   0.268    -.0453688    .0126403
         L3. |  -.0195047   .0129494    -1.51   0.133      -.04499    .0059805
         L4. |  -.0115289   .0126063    -0.91   0.361    -.0363391    .0132812
         L5. |  -.0011479   .0116173    -0.10   0.921    -.0240115    .0217157
         L6. |   .0007647   .0123246     0.06   0.951    -.0234909    .0250203
         L7. |   .0068936   .0156015     0.44   0.659    -.0238112    .0375983
         L8. |   .0036349   .0166616     0.22   0.827    -.0291563    .0364261
         L9. |   .0032922   .0161367     0.20   0.838    -.0284658    .0350502
        L10. |   .0033007   .0138004     0.24   0.811    -.0238594    .0304608
        L11. |   .0028131   .0110607     0.25   0.799    -.0189551    .0245814
        L12. |  -.0035081   .0144072    -0.24   0.808    -.0318624    .0248462
             |
  fdiff_l500 |
         L1. |   .3244505   .1315083     2.47   0.014     .0656335    .5832675
         L2. |   .0108365   .1560466     0.07   0.945    -.2962735    .3179466
         L3. |    .078675   .1297102     0.61   0.545    -.1766032    .3339531
         L4. |  -.0275281   .1319656    -0.21   0.835    -.2872451     .232189
         L5. |  -.0268063   .1419051    -0.19   0.850    -.3060848    .2524723
         L6. |  -.1364468   .1502782    -0.91   0.365    -.4322041    .1593105
         L7. |  -.0458927   .1567793    -0.29   0.770    -.3544447    .2626592
         L8. |   .0972584   .1445671     0.67   0.502    -.1872591     .381776
         L9. |   .0112886   .1178848     0.10   0.924    -.2207164    .2432935
        L10. |   .0500612   .1005349     0.50   0.619     -.147798    .2479204
        L11. |    .029695   .1104425     0.27   0.788    -.1876632    .2470531
        L12. |  -.2341692   .1415729    -1.65   0.099     -.512794    .0444557
             |
       _cons |   .0251242   .0098902     2.54   0.012     .0056597    .0445887
------------------------------------------------------------------------------
(1 real change made)
(1 real change made)
(1 real change made)
(est4 stored)

Regression with Newey–West standard errors      Number of obs     =        319
Maximum lag = 4                                 F( 25,       293) =       0.78
                                                Prob > F          =     0.7664

------------------------------------------------------------------------------
             |             Newey–West
        dep4 | Coefficient  std. err.      t    P>|t|     [95% conf. interval]
-------------+----------------------------------------------------------------
       Romer |
         --. |   -.038193   .0188275    -2.03   0.043    -.0752472   -.0011387
         L1. |  -.0277677   .0181782    -1.53   0.128    -.0635442    .0080087
         L2. |  -.0213473   .0165911    -1.29   0.199    -.0540002    .0113056
         L3. |    -.01253   .0148519    -0.84   0.400    -.0417598    .0166999
         L4. |  -.0062463   .0131748    -0.47   0.636    -.0321754    .0196829
         L5. |   .0007429    .012848     0.06   0.954    -.0245431    .0260289
         L6. |   .0003383   .0161689     0.02   0.983    -.0314836    .0321603
         L7. |   .0059157   .0204501     0.29   0.773     -.034332    .0461635
         L8. |   .0092647   .0180362     0.51   0.608    -.0262322    .0447616
         L9. |   .0053921   .0158882     0.34   0.735    -.0258774    .0366615
        L10. |   .0004136    .016752     0.02   0.980     -.032556    .0333832
        L11. |    .001916   .0131319     0.15   0.884    -.0239288    .0277608
        L12. |  -.0057866   .0170873    -0.34   0.735     -.039416    .0278428
             |
  fdiff_l500 |
         L1. |   .3681576   .1558832     2.36   0.019     .0613648    .6749503
         L2. |  -.0016267   .1624058    -0.01   0.992    -.3212564    .3180031
         L3. |  -.0005684   .1427493    -0.00   0.997    -.2815125    .2803756
         L4. |  -.0127598   .1462288    -0.09   0.931    -.3005518    .2750322
         L5. |  -.0745105   .1654403    -0.45   0.653    -.4001126    .2510915
         L6. |  -.1613743   .1773181    -0.91   0.364    -.5103529    .1876044
         L7. |   .0397031   .1549503     0.26   0.798    -.2652536    .3446597
         L8. |   .0665751   .1611221     0.41   0.680    -.2505282    .3836784
         L9. |  -.0075999   .1221101    -0.06   0.950    -.2479241    .2327242
        L10. |  -.0314989   .1083995    -0.29   0.772    -.2448393    .1818414
        L11. |  -.0043149   .1440415    -0.03   0.976    -.2878021    .2791722
        L12. |  -.2567694   .1557424    -1.65   0.100    -.5632851    .0497463
             |
       _cons |   .0331798   .0125041     2.65   0.008     .0085705     .057789
------------------------------------------------------------------------------
(1 real change made)
(1 real change made)
(1 real change made)
(est5 stored)

Regression with Newey–West standard errors      Number of obs     =        318
Maximum lag = 5                                 F( 25,       292) =       1.15
                                                Prob > F          =     0.2817

------------------------------------------------------------------------------
             |             Newey–West
        dep5 | Coefficient  std. err.      t    P>|t|     [95% conf. interval]
-------------+----------------------------------------------------------------
       Romer |
         --. |   -.041367   .0211776    -1.95   0.052     -.083047     .000313
         L1. |  -.0322415   .0199117    -1.62   0.106    -.0714302    .0069472
         L2. |  -.0143283   .0195378    -0.73   0.464    -.0527812    .0241245
         L3. |  -.0067751   .0151115    -0.45   0.654    -.0365164    .0229662
         L4. |  -.0039053   .0146958    -0.27   0.791    -.0328284    .0250179
         L5. |   .0005042   .0167918     0.03   0.976    -.0325442    .0335526
         L6. |   .0001402   .0198391     0.01   0.994    -.0389056     .039186
         L7. |   .0120387   .0225139     0.53   0.593    -.0322714    .0563487
         L8. |   .0120917   .0189231     0.64   0.523    -.0251512    .0493346
         L9. |   .0024754   .0190882     0.13   0.897    -.0350924    .0400433
        L10. |  -.0000838   .0203799    -0.00   0.997    -.0401939    .0400262
        L11. |  -.0001126   .0155371    -0.01   0.994    -.0306915    .0304663
        L12. |   .0023539   .0209329     0.11   0.911    -.0388445    .0435523
             |
  fdiff_l500 |
         L1. |   .3666009   .1610453     2.28   0.024     .0496441    .6835577
         L2. |  -.0817662   .1798835    -0.45   0.650    -.4357989    .2722664
         L3. |   .0067014   .1647607     0.04   0.968    -.3175676    .3309704
         L4. |  -.0563028   .1661122    -0.34   0.735    -.3832317    .2706261
         L5. |   -.111306   .1990303    -0.56   0.576    -.5030218    .2804097
         L6. |  -.0810118    .163283    -0.50   0.620    -.4023725    .2403489
         L7. |   .0141688   .1675999     0.08   0.933    -.3156881    .3440257
         L8. |   .0483101   .1564867     0.31   0.758    -.2596748    .3562949
         L9. |  -.0885508   .1210197    -0.73   0.465    -.3267323    .1496306
        L10. |  -.0765296   .1276174    -0.60   0.549    -.3276962     .174637
        L11. |   .0054939   .1524938     0.04   0.971    -.2946325    .3056202
        L12. |  -.3077396    .165596    -1.86   0.064    -.6336526    .0181733
             |
       _cons |   .0415806   .0150119     2.77   0.006     .0120354    .0711258
------------------------------------------------------------------------------
(1 real change made)
(1 real change made)
(1 real change made)
(est6 stored)

Regression with Newey–West standard errors      Number of obs     =        317
Maximum lag = 6                                 F( 25,       291) =       0.72
                                                Prob > F          =     0.8371

------------------------------------------------------------------------------
             |             Newey–West
        dep6 | Coefficient  std. err.      t    P>|t|     [95% conf. interval]
-------------+----------------------------------------------------------------
       Romer |
         --. |  -.0466101   .0222185    -2.10   0.037    -.0903394   -.0028809
         L1. |  -.0251892   .0212331    -1.19   0.236     -.066979    .0166006
         L2. |  -.0079546   .0180901    -0.44   0.660    -.0435587    .0276495
         L3. |  -.0047071   .0165356    -0.28   0.776    -.0372518    .0278375
         L4. |  -.0025007   .0184535    -0.14   0.892      -.03882    .0338186
         L5. |   .0004224   .0206404     0.02   0.984     -.040201    .0410457
         L6. |    .006613   .0224497     0.29   0.769    -.0375714    .0507973
         L7. |    .012878   .0222873     0.58   0.564    -.0309867    .0567427
         L8. |   .0098535   .0227267     0.43   0.665     -.034876     .054583
         L9. |   .0016064   .0228521     0.07   0.944      -.04337    .0465828
        L10. |  -.0020735   .0221602    -0.09   0.926     -.045688     .041541
        L11. |   .0092609   .0163856     0.57   0.572    -.0229883    .0415102
        L12. |  -.0055241   .0205341    -0.27   0.788    -.0459383    .0348901
             |
  fdiff_l500 |
         L1. |   .2832468   .1839525     1.54   0.125    -.0787992    .6452929
         L2. |  -.0706298   .1984856    -0.36   0.722    -.4612792    .3200196
         L3. |  -.0378254   .1825432    -0.21   0.836    -.3970979     .321447
         L4. |  -.0950227   .1943229    -0.49   0.625    -.4774792    .2874337
         L5. |  -.0235488   .1784055    -0.13   0.895    -.3746775    .3275799
         L6. |  -.1218177   .1621142    -0.75   0.453    -.4408826    .1972472
         L7. |   .0017857   .1610315     0.01   0.991    -.3151483    .3187197
         L8. |  -.0390652   .1579153    -0.25   0.805    -.3498662    .2717358
         L9. |  -.1296938   .1468173    -0.88   0.378    -.4186522    .1592647
        L10. |  -.0740127   .1409715    -0.53   0.600    -.3514658    .2034404
        L11. |  -.0433646   .1600488    -0.27   0.787    -.3583647    .2716355
        L12. |  -.3271462   .1842186    -1.78   0.077     -.689716    .0354237
             |
       _cons |   .0503519   .0173754     2.90   0.004     .0161545    .0845493
------------------------------------------------------------------------------
(1 real change made)
(1 real change made)
(1 real change made)
(est7 stored)

Regression with Newey–West standard errors      Number of obs     =        316
Maximum lag = 7                                 F( 25,       290) =       0.73
                                                Prob > F          =     0.8300

------------------------------------------------------------------------------
             |             Newey–West
        dep7 | Coefficient  std. err.      t    P>|t|     [95% conf. interval]
-------------+----------------------------------------------------------------
       Romer |
         --. |   -.040976    .022848    -1.79   0.074    -.0859448    .0039929
         L1. |  -.0168338   .0193006    -0.87   0.384    -.0548207    .0211531
         L2. |  -.0051004   .0188613    -0.27   0.787    -.0422228     .032022
         L3. |  -.0030869   .0207739    -0.15   0.882    -.0439735    .0377998
         L4. |  -.0002258     .02213    -0.01   0.992    -.0437815    .0433299
         L5. |   .0067304   .0238577     0.28   0.778    -.0402257    .0536865
         L6. |   .0095609   .0232573     0.41   0.681    -.0362136    .0553354
         L7. |   .0089043   .0248783     0.36   0.721    -.0400606    .0578691
         L8. |   .0095019    .026086     0.36   0.716    -.0418401    .0608438
         L9. |  -.0012275   .0234307    -0.05   0.958    -.0473433    .0448884
        L10. |   .0083133   .0213828     0.39   0.698    -.0337717    .0503984
        L11. |   .0035541   .0168362     0.21   0.833    -.0295825    .0366908
        L12. |  -.0102241   .0219953    -0.46   0.642    -.0535149    .0330666
             |
  fdiff_l500 |
         L1. |   .2756869   .2102707     1.31   0.191    -.1381632     .689537
         L2. |  -.1056563   .2101939    -0.50   0.616    -.5193553    .3080427
         L3. |  -.0874015   .2101478    -0.42   0.678    -.5010098    .3262068
         L4. |  -.0025748   .1802984    -0.01   0.989    -.3574342    .3522846
         L5. |  -.0812753   .1708833    -0.48   0.635     -.417604    .2550534
         L6. |  -.1375212    .154658    -0.89   0.375    -.4419157    .1668733
         L7. |  -.0713895   .1643232    -0.43   0.664    -.3948067    .2520278
         L8. |  -.0938295   .1741674    -0.54   0.590     -.436622     .248963
         L9. |  -.1139527   .1566527    -0.73   0.468    -.4222731    .1943676
        L10. |  -.1418325   .1435489    -0.99   0.324    -.4243623    .1406972
        L11. |  -.0358473   .1697144    -0.21   0.833    -.3698755    .2981809
        L12. |  -.4318006   .1834911    -2.35   0.019    -.7929437   -.0706574
             |
       _cons |   .0591837   .0194667     3.04   0.003     .0208698    .0974977
------------------------------------------------------------------------------
(1 real change made)
(1 real change made)
(1 real change made)
(est8 stored)

Regression with Newey–West standard errors      Number of obs     =        315
Maximum lag = 8                                 F( 25,       289) =       1.05
                                                Prob > F          =     0.4006

------------------------------------------------------------------------------
             |             Newey–West
        dep8 | Coefficient  std. err.      t    P>|t|     [95% conf. interval]
-------------+----------------------------------------------------------------
       Romer |
         --. |  -.0329207   .0208896    -1.58   0.116    -.0740357    .0081943
         L1. |  -.0132509   .0190935    -0.69   0.488    -.0508308    .0243289
         L2. |   -.003828   .0213532    -0.18   0.858    -.0458555    .0381995
         L3. |  -.0004968   .0237965    -0.02   0.983    -.0473332    .0463395
         L4. |   .0045934   .0244302     0.19   0.851    -.0434903    .0526771
         L5. |   .0093294   .0242843     0.38   0.701     -.038467    .0571258
         L6. |   .0062688   .0255053     0.25   0.806    -.0439308    .0564684
         L7. |   .0097065   .0278292     0.35   0.728    -.0450671    .0644802
         L8. |   .0063695   .0257772     0.25   0.805    -.0443653    .0571044
         L9. |   .0089008   .0225101     0.40   0.693    -.0354038    .0532053
        L10. |   .0033955   .0204076     0.17   0.868    -.0367709    .0435619
        L11. |  -.0003628   .0186222    -0.02   0.984    -.0370152    .0362895
        L12. |  -.0086511   .0233159    -0.37   0.711    -.0545417    .0372395
             |
  fdiff_l500 |
         L1. |    .258647   .2385989     1.08   0.279     -.210965    .7282589
         L2. |   -.154995   .2303714    -0.67   0.502    -.6084134    .2984234
         L3. |  -.0047313   .1988244    -0.02   0.981    -.3960588    .3865962
         L4. |  -.0559214    .168256    -0.33   0.740    -.3870839    .2752411
         L5. |  -.0979187   .1732162    -0.57   0.572    -.4388439    .2430066
         L6. |  -.2082966   .1564246    -1.33   0.184    -.5161726    .0995793
         L7. |  -.1156025   .1685919    -0.69   0.493    -.4474261    .2162211
         L8. |  -.0803408   .1871842    -0.43   0.668    -.4487579    .2880762
         L9. |  -.1813006   .1630819    -1.11   0.267    -.5022794    .1396782
        L10. |   -.132358   .1516964    -0.87   0.384    -.4309277    .1662118
        L11. |  -.1231534    .170731    -0.72   0.471    -.4591872    .2128803
        L12. |  -.5074225   .1860085    -2.73   0.007    -.8735257   -.1413193
             |
       _cons |   .0678956   .0213398     3.18   0.002     .0258944    .1098968
------------------------------------------------------------------------------
(1 real change made)
(1 real change made)
(1 real change made)
(est9 stored)

Regression with Newey–West standard errors      Number of obs     =        314
Maximum lag = 9                                 F( 25,       288) =       0.77
                                                Prob > F          =     0.7831

------------------------------------------------------------------------------
             |             Newey–West
        dep9 | Coefficient  std. err.      t    P>|t|     [95% conf. interval]
-------------+----------------------------------------------------------------
       Romer |
         --. |  -.0291685    .019777    -1.47   0.141    -.0680942    .0097573
         L1. |  -.0111359   .0213635    -0.52   0.603    -.0531843    .0309125
         L2. |  -.0019453   .0251105    -0.08   0.938    -.0513687    .0474782
         L3. |   .0049345   .0254657     0.19   0.846     -.045188    .0550571
         L4. |   .0051682   .0242168     0.21   0.831    -.0424961    .0528325
         L5. |   .0057577   .0257506     0.22   0.823    -.0449255    .0564409
         L6. |   .0080876   .0286979     0.28   0.778    -.0483966    .0645718
         L7. |   .0082492    .027812     0.30   0.767    -.0464913    .0629898
         L8. |   .0161595   .0245906     0.66   0.512    -.0322406    .0645597
         L9. |   .0044491   .0222857     0.20   0.842    -.0394144    .0483127
        L10. |   .0000366   .0231128     0.00   0.999    -.0454549    .0455281
        L11. |   .0015764   .0202644     0.08   0.938    -.0383087    .0414614
        L12. |  -.0045315   .0259502    -0.17   0.861    -.0556077    .0465446
             |
  fdiff_l500 |
         L1. |   .2221068   .2725181     0.82   0.416     -.314273    .7584865
         L2. |  -.0727896   .2208147    -0.33   0.742    -.5074049    .3618256
         L3. |  -.0617861   .2014228    -0.31   0.759    -.4582335    .3346614
         L4. |  -.0719563   .1652218    -0.44   0.664    -.3971515     .253239
         L5. |  -.1655566   .1641537    -1.01   0.314    -.4886497    .1575364
         L6. |  -.2476988   .1587623    -1.56   0.120    -.5601804    .0647827
         L7. |  -.0991413   .1887803    -0.53   0.600    -.4707053    .2724228
         L8. |  -.1405941   .1913137    -0.73   0.463    -.5171444    .2359562
         L9. |  -.1742165   .1767475    -0.99   0.325    -.5220972    .1736642
        L10. |  -.2140889   .1557376    -1.37   0.170    -.5206171    .0924394
        L11. |  -.1841898   .1577668    -1.17   0.244     -.494712    .1263324
        L12. |  -.5764223   .1866466    -3.09   0.002    -.9437866   -.2090579
             |
       _cons |   .0765433   .0230863     3.32   0.001     .0311042    .1219825
------------------------------------------------------------------------------
(1 real change made)
(1 real change made)
(1 real change made)
(est10 stored)

Regression with Newey–West standard errors      Number of obs     =        313
Maximum lag = 10                                F( 25,       287) =       1.38
                                                Prob > F          =     0.1119

------------------------------------------------------------------------------
             |             Newey–West
       dep10 | Coefficient  std. err.      t    P>|t|     [95% conf. interval]
-------------+----------------------------------------------------------------
       Romer |
         --. |  -.0265061   .0208644    -1.27   0.205    -.0675727    .0145605
         L1. |  -.0082773   .0233784    -0.35   0.724    -.0542922    .0377376
         L2. |   .0026704   .0260563     0.10   0.918    -.0486153    .0539561
         L3. |   .0062131   .0244891     0.25   0.800    -.0419879    .0544141
         L4. |   -.000128   .0265986    -0.00   0.996    -.0524811     .052225
         L5. |   .0075924   .0284724     0.27   0.790    -.0484487    .0636335
         L6. |   .0076745   .0288335     0.27   0.790    -.0490775    .0644265
         L7. |   .0202192   .0252069     0.80   0.423    -.0293947    .0698331
         L8. |   .0112601   .0237257     0.47   0.635    -.0354383    .0579585
         L9. |   .0019001   .0247778     0.08   0.939    -.0468692    .0506694
        L10. |   .0025577   .0250816     0.10   0.919    -.0468095    .0519249
        L11. |   .0049764   .0228545     0.22   0.828    -.0400073    .0499601
        L12. |   .0067256    .023621     0.28   0.776    -.0397668    .0532179
             |
  fdiff_l500 |
         L1. |    .302557   .2674401     1.13   0.259    -.2238358    .8289499
         L2. |  -.1282218   .2223847    -0.58   0.565    -.5659336      .30949
         L3. |  -.0803295   .2003743    -0.40   0.689     -.474719    .3140601
         L4. |  -.1380857   .1552122    -0.89   0.374    -.4435842    .1674129
         L5. |  -.2110839   .1681455    -1.26   0.210    -.5420386    .1198708
         L6. |  -.2149842   .1789874    -1.20   0.231    -.5672786    .1373103
         L7. |  -.1616981   .1894681    -0.85   0.394    -.5346213    .2112251
         L8. |  -.1201825   .2016693    -0.60   0.552     -.517121    .2767559
         L9. |  -.2564814   .1857748    -1.38   0.168    -.6221354    .1091726
        L10. |  -.2675088   .1486738    -1.80   0.073    -.5601382    .0251205
        L11. |  -.2418116   .1474852    -1.64   0.102    -.5321014    .0484783
        L12. |  -.6059749   .1906237    -3.18   0.002    -.9811727   -.2307772
             |
       _cons |    .084982   .0247131     3.44   0.001     .0363401    .1336238
------------------------------------------------------------------------------
(1 real change made)
(1 real change made)
(1 real change made)
(est11 stored)

Regression with Newey–West standard errors      Number of obs     =        312
Maximum lag = 11                                F( 25,       286) =       1.43
                                                Prob > F          =     0.0871

------------------------------------------------------------------------------
             |             Newey–West
       dep11 | Coefficient  std. err.      t    P>|t|     [95% conf. interval]
-------------+----------------------------------------------------------------
       Romer |
         --. |  -.0249507   .0236039    -1.06   0.291    -.0714101    .0215087
         L1. |   -.003044   .0239218    -0.13   0.899    -.0501292    .0440412
         L2. |   .0032953   .0243372     0.14   0.892    -.0446075     .051198
         L3. |   .0014669   .0259084     0.06   0.955    -.0495283    .0524622
         L4. |  -.0013547   .0296779    -0.05   0.964    -.0597695    .0570602
         L5. |   .0063325   .0279354     0.23   0.821    -.0486525    .0613176
         L6. |   .0204177   .0264597     0.77   0.441    -.0316628    .0724981
         L7. |    .018659   .0253743     0.74   0.463    -.0312851    .0686031
         L8. |   .0085052   .0265751     0.32   0.749    -.0438025    .0608129
         L9. |   .0037451   .0261385     0.14   0.886    -.0477032    .0551934
        L10. |   .0072543   .0287908     0.25   0.801    -.0494144    .0639231
        L11. |    .016329   .0220749     0.74   0.460    -.0271208    .0597789
        L12. |   .0186795   .0222746     0.84   0.402    -.0251635    .0625225
             |
  fdiff_l500 |
         L1. |   .2995455   .2734897     1.10   0.274    -.2387625    .8378534
         L2. |  -.1602042   .2198856    -0.73   0.467    -.5930035    .2725951
         L3. |  -.1571067   .1927589    -0.82   0.416    -.5365128    .2222994
         L4. |  -.1763098    .157665    -1.12   0.264    -.4866408    .1340213
         L5. |  -.1892558    .193721    -0.98   0.329    -.5705555    .1920439
         L6. |  -.2638589   .1760543    -1.50   0.135    -.6103853    .0826676
         L7. |  -.1346865   .1967298    -0.68   0.494    -.5219085    .2525355
         L8. |  -.1956774     .21367    -0.92   0.361    -.6162426    .2248878
         L9. |  -.3210491   .1885853    -1.70   0.090    -.6922402     .050142
        L10. |  -.3210902   .1443592    -2.22   0.027    -.6052315   -.0369489
        L11. |   -.221905   .1573298    -1.41   0.159    -.5315761    .0877661
        L12. |  -.7292306   .2050676    -3.56   0.000    -1.132864   -.3255975
             |
       _cons |   .0936004   .0263985     3.55   0.000     .0416405    .1455603
------------------------------------------------------------------------------
(1 real change made)
(1 real change made)
(1 real change made)
(est12 stored)

Regression with Newey–West standard errors      Number of obs     =        311
Maximum lag = 12                                F( 25,       285) =       1.36
                                                Prob > F          =     0.1198

------------------------------------------------------------------------------
             |             Newey–West
       dep12 | Coefficient  std. err.      t    P>|t|     [95% conf. interval]
-------------+----------------------------------------------------------------
       Romer |
         --. |  -.0197294   .0245288    -0.80   0.422    -.0680099    .0285512
         L1. |  -.0022408   .0228461    -0.10   0.922    -.0472094    .0427277
         L2. |  -.0017354   .0244371    -0.07   0.943    -.0498356    .0463647
         L3. |   .0004262   .0291894     0.01   0.988    -.0570279    .0578803
         L4. |  -.0035985   .0292674    -0.12   0.902    -.0612063    .0540092
         L5. |   .0188155   .0257588     0.73   0.466    -.0318862    .0695172
         L6. |   .0191149   .0261639     0.73   0.466    -.0323841     .070614
         L7. |   .0170511   .0281461     0.61   0.545    -.0383495    .0724518
         L8. |   .0102352   .0282637     0.36   0.718    -.0453967    .0658672
         L9. |   .0083543   .0294541     0.28   0.777    -.0496209    .0663295
        L10. |   .0191224   .0275362     0.69   0.488    -.0350777    .0733226
        L11. |   .0284649   .0206443     1.38   0.169    -.0121698    .0690996
        L12. |   .0235253   .0218578     1.08   0.283    -.0194978    .0665484
             |
  fdiff_l500 |
         L1. |   .2760579   .2865062     0.96   0.336    -.2878788    .8399945
         L2. |  -.2374021   .2072404    -1.15   0.253    -.6453181     .170514
         L3. |  -.1981485   .2030543    -0.98   0.330    -.5978248    .2015278
         L4. |  -.1515612   .1825362    -0.83   0.407    -.5108514     .207729
         L5. |  -.2409478   .1917284    -1.26   0.210    -.6183311    .1364356
         L6. |  -.2277796   .1814594    -1.26   0.210    -.5849502     .129391
         L7. |  -.2043041   .2162399    -0.94   0.346    -.6299341    .2213258
         L8. |  -.2566504   .2151832    -1.19   0.234    -.6802003    .1668996
         L9. |  -.3752812   .1809036    -2.07   0.039    -.7313577   -.0192046
        L10. |  -.2951473   .1513647    -1.95   0.052    -.5930818    .0027872
        L11. |  -.3351193   .1498501    -2.24   0.026    -.6300726   -.0401659
        L12. |  -.7507384   .2148328    -3.49   0.001    -1.173599   -.3278781
             |
       _cons |   .1020797   .0280906     3.63   0.000     .0467883    .1573711
------------------------------------------------------------------------------
(1 real change made)
(1 real change made)
(1 real change made)
(est13 stored)

Regression with Newey–West standard errors      Number of obs     =        310
Maximum lag = 13                                F( 25,       284) =       1.75
                                                Prob > F          =     0.0170

------------------------------------------------------------------------------
             |             Newey–West
       dep13 | Coefficient  std. err.      t    P>|t|     [95% conf. interval]
-------------+----------------------------------------------------------------
       Romer |
         --. |  -.0177586   .0242405    -0.73   0.464    -.0654724    .0299552
         L1. |  -.0074426   .0228008    -0.33   0.744    -.0523226    .0374374
         L2. |  -.0032315   .0271803    -0.12   0.905    -.0567319     .050269
         L3. |  -.0017359   .0291368    -0.06   0.953    -.0590874    .0556156
         L4. |    .007476   .0274527     0.27   0.786    -.0465606    .0615126
         L5. |   .0173898   .0254723     0.68   0.495    -.0327487    .0675283
         L6. |   .0171104    .028314     0.60   0.546    -.0386216    .0728423
         L7. |   .0199553   .0292108     0.68   0.495    -.0375418    .0774523
         L8. |   .0142078   .0319428     0.44   0.657    -.0486669    .0770825
         L9. |   .0204318   .0280851     0.73   0.468    -.0348496    .0757133
        L10. |   .0310273   .0261273     1.19   0.236    -.0204004    .0824551
        L11. |   .0322538   .0205614     1.57   0.118    -.0082182    .0727258
        L12. |   .0276284   .0214876     1.29   0.200    -.0146668    .0699235
             |
  fdiff_l500 |
         L1. |   .1962398   .2778151     0.71   0.481    -.3505981    .7430777
         L2. |  -.2794148    .217992    -1.28   0.201    -.7084999    .1496703
         L3. |  -.1714016   .2253558    -0.76   0.448    -.6149812     .272178
         L4. |  -.2055264   .1821706    -1.13   0.260    -.5641023    .1530495
         L5. |  -.2007437   .1952086    -1.03   0.305     -.584983    .1834956
         L6. |  -.2882367   .1907132    -1.51   0.132    -.6636273     .087154
         L7. |  -.2665218   .2276417    -1.17   0.243    -.7146009    .1815572
         L8. |  -.3062924   .2074409    -1.48   0.141    -.7146091    .1020243
         L9. |  -.3535134   .1920954    -1.84   0.067    -.7316249     .024598
        L10. |  -.3952435   .1378441    -2.87   0.004    -.6665692   -.1239178
        L11. |   -.372107   .1459585    -2.55   0.011    -.6594046   -.0848093
        L12. |  -.7144219   .2049193    -3.49   0.001    -1.117775   -.3110685
             |
       _cons |   .1101214   .0296302     3.72   0.000     .0517988     .168444
------------------------------------------------------------------------------
(1 real change made)
(1 real change made)
(1 real change made)
(est14 stored)

Regression with Newey–West standard errors      Number of obs     =        309
Maximum lag = 14                                F( 25,       283) =       1.19
                                                Prob > F          =     0.2513

------------------------------------------------------------------------------
             |             Newey–West
       dep14 | Coefficient  std. err.      t    P>|t|     [95% conf. interval]
-------------+----------------------------------------------------------------
       Romer |
         --. |  -.0216186   .0231749    -0.93   0.352    -.0672358    .0239985
         L1. |  -.0084077   .0251854    -0.33   0.739    -.0579823    .0411668
         L2. |  -.0057154   .0270141    -0.21   0.833    -.0588895    .0474586
         L3. |   .0096242   .0269399     0.36   0.721    -.0434038    .0626521
         L4. |   .0056164   .0261976     0.21   0.830    -.0459504    .0571832
         L5. |   .0155244   .0273048     0.57   0.570    -.0382219    .0692707
         L6. |   .0201752   .0287867     0.70   0.484     -.036488    .0768383
         L7. |   .0247611   .0319478     0.78   0.439    -.0381243    .0876466
         L8. |   .0256619   .0305488     0.84   0.402    -.0344697    .0857935
         L9. |   .0327306   .0260903     1.25   0.211    -.0186252    .0840864
        L10. |   .0347295   .0242728     1.43   0.154    -.0130486    .0825076
        L11. |   .0350358   .0197563     1.77   0.077    -.0038522    .0739238
        L12. |   .0339948   .0220368     1.54   0.124    -.0093821    .0773717
             |
  fdiff_l500 |
         L1. |   .1268365   .2794381     0.45   0.650    -.4232045    .6768775
         L2. |  -.2475733   .2335509    -1.06   0.290    -.7072907    .2121441
         L3. |  -.2246192   .2248893    -1.00   0.319    -.6672873     .218049
         L4. |  -.1680936   .1855735    -0.91   0.366    -.5333731     .197186
         L5. |   -.265487   .2077312    -1.28   0.202    -.6743814    .1434073
         L6. |  -.3363899    .189169    -1.78   0.076    -.7087467     .035967
         L7. |  -.3180581   .2214908    -1.44   0.152    -.7540365    .1179204
         L8. |  -.2804611    .209681    -1.34   0.182    -.6931934    .1322711
         L9. |  -.4524045   .1635266    -2.77   0.006    -.7742872   -.1305218
        L10. |  -.4232721   .1414261    -2.99   0.003    -.7016528   -.1448915
        L11. |  -.3544698   .1362625    -2.60   0.010    -.6226865   -.0862532
        L12. |  -.6667042   .2037219    -3.27   0.001    -1.067707   -.2657017
             |
       _cons |   .1175546   .0310775     3.78   0.000     .0563822    .1787271
------------------------------------------------------------------------------
(1 real change made)
(1 real change made)
(1 real change made)
(est15 stored)

Regression with Newey–West standard errors      Number of obs     =        308
Maximum lag = 15                                F( 25,       282) =       1.65
                                                Prob > F          =     0.0287

------------------------------------------------------------------------------
             |             Newey–West
       dep15 | Coefficient  std. err.      t    P>|t|     [95% conf. interval]
-------------+----------------------------------------------------------------
       Romer |
         --. |  -.0218595   .0251553    -0.87   0.386    -.0713755    .0276566
         L1. |  -.0110088   .0250822    -0.44   0.661    -.0603809    .0383633
         L2. |    .006347   .0236839     0.27   0.789    -.0402727    .0529666
         L3. |   .0071929   .0265252     0.27   0.786    -.0450195    .0594054
         L4. |   .0055221   .0269396     0.20   0.838    -.0475061    .0585504
         L5. |   .0188304   .0274875     0.69   0.494    -.0352764    .0729372
         L6. |   .0243105   .0310659     0.78   0.435      -.03684    .0854609
         L7. |   .0350084   .0307137     1.14   0.255    -.0254488    .0954656
         L8. |   .0380662   .0283014     1.35   0.180    -.0176427     .093775
         L9. |    .035699    .024282     1.47   0.143     -.012098    .0834959
        L10. |   .0371243   .0227837     1.63   0.104    -.0077233     .081972
        L11. |   .0411567   .0195021     2.11   0.036     .0027685     .079545
        L12. |   .0306098   .0231821     1.32   0.188    -.0150222    .0762418
             |
  fdiff_l500 |
         L1. |   .1314598   .3025628     0.43   0.664    -.4641084     .727028
         L2. |  -.2989829   .2295018    -1.30   0.194     -.750737    .1527711
         L3. |  -.1822767   .2259781    -0.81   0.421    -.6270947    .2625414
         L4. |  -.2345391   .1983238    -1.18   0.238    -.6249221    .1558438
         L5. |  -.3171419   .2121374    -1.49   0.136    -.7347157    .1004318
         L6. |  -.3814702   .1854937    -2.06   0.041    -.7465982   -.0163421
         L7. |  -.2873746   .2333542    -1.23   0.219    -.7467118    .1719625
         L8. |  -.3889645   .1813473    -2.14   0.033    -.7459308   -.0319982
         L9. |  -.4757841   .1618666    -2.94   0.004    -.7944042   -.1571641
        L10. |  -.4037237   .1362363    -2.96   0.003    -.6718927   -.1355546
        L11. |  -.3370023   .1411779    -2.39   0.018    -.6148985    -.059106
        L12. |  -.5865472    .200164    -2.93   0.004    -.9805524    -.192542
             |
       _cons |   .1244257   .0325052     3.83   0.000      .060442    .1884093
------------------------------------------------------------------------------
(1 real change made)
(1 real change made)
(1 real change made)
(est16 stored)

Regression with Newey–West standard errors      Number of obs     =        307
Maximum lag = 16                                F( 25,       281) =       1.37
                                                Prob > F          =     0.1171

------------------------------------------------------------------------------
             |             Newey–West
       dep16 | Coefficient  std. err.      t    P>|t|     [95% conf. interval]
-------------+----------------------------------------------------------------
       Romer |
         --. |  -.0239326   .0258055    -0.93   0.355    -.0747293    .0268641
         L1. |   .0011155   .0228269     0.05   0.961    -.0438179    .0460489
         L2. |   .0033153   .0230413     0.14   0.886    -.0420403    .0486708
         L3. |   .0076013   .0271665     0.28   0.780    -.0458743     .061077
         L4. |   .0076165   .0269886     0.28   0.778     -.045509    .0607419
         L5. |   .0231498   .0291308     0.79   0.427    -.0341925     .080492
         L6. |   .0346465   .0291095     1.19   0.235    -.0226539     .091947
         L7. |   .0481797   .0292439     1.65   0.101    -.0093852    .1057446
         L8. |   .0408949    .026181     1.56   0.119    -.0106408    .0924306
         L9. |   .0392983   .0229563     1.71   0.088    -.0058899    .0844865
        L10. |   .0424004   .0222468     1.91   0.058    -.0013912     .086192
        L11. |   .0366687    .020813     1.76   0.079    -.0043005     .077638
        L12. |    .039709    .024027     1.65   0.100    -.0075868    .0870049
             |
  fdiff_l500 |
         L1. |   .0735577   .3103804     0.24   0.813    -.5374082    .6845236
         L2. |  -.2559685   .2318136    -1.10   0.270    -.7122801    .2003431
         L3. |  -.2498714   .2415012    -1.03   0.302    -.7252525    .2255097
         L4. |  -.2887673   .2041963    -1.41   0.158     -.690716    .1131814
         L5. |  -.3658932   .2049575    -1.79   0.075    -.7693401    .0375537
         L6. |   -.344345     .17972    -1.92   0.056    -.6981135    .0094234
         L7. |  -.4056438   .2031964    -2.00   0.047    -.8056242   -.0056635
         L8. |  -.4008191   .1674132    -2.39   0.017    -.7303623   -.0712759
         L9. |  -.4562666   .1466996    -3.11   0.002    -.7450364   -.1674968
        L10. |  -.3832488   .1426217    -2.69   0.008    -.6639913   -.1025063
        L11. |  -.2532166   .1342898    -1.89   0.060    -.5175583     .011125
        L12. |  -.5687209   .2090073    -2.72   0.007    -.9801397   -.1573022
             |
       _cons |   .1312577   .0336633     3.90   0.000     .0649934     .197522
------------------------------------------------------------------------------
(1 real change made)
(1 real change made)
(1 real change made)
(est17 stored)

Regression with Newey–West standard errors      Number of obs     =        306
Maximum lag = 17                                F( 25,       280) =       1.54
                                                Prob > F          =     0.0503

------------------------------------------------------------------------------
             |             Newey–West
       dep17 | Coefficient  std. err.      t    P>|t|     [95% conf. interval]
-------------+----------------------------------------------------------------
       Romer |
         --. |  -.0121354   .0246982    -0.49   0.624     -.060753    .0364823
         L1. |  -.0010064   .0226533    -0.04   0.965    -.0455989     .043586
         L2. |   .0042581   .0231522     0.18   0.854    -.0413163    .0498325
         L3. |    .009889   .0270887     0.37   0.715    -.0434343    .0632124
         L4. |   .0138711   .0278737     0.50   0.619    -.0409975    .0687397
         L5. |   .0339211    .027898     1.22   0.225    -.0209953    .0888374
         L6. |   .0491225   .0278006     1.77   0.078    -.0056022    .1038472
         L7. |   .0492796    .029633     1.66   0.097     -.009052    .1076113
         L8. |   .0449032   .0244192     1.84   0.067    -.0031653    .0929717
         L9. |   .0449501   .0223976     2.01   0.046      .000861    .0890392
        L10. |   .0379341   .0230891     1.64   0.102    -.0075161    .0833843
        L11. |   .0468089   .0222933     2.10   0.037     .0029252    .0906926
        L12. |   .0335628   .0235037     1.43   0.154    -.0127036    .0798291
             |
  fdiff_l500 |
         L1. |    .093367   .3064376     0.30   0.761     -.509847    .6965809
         L2. |  -.3145134   .2481811    -1.27   0.206    -.8030511    .1740243
         L3. |  -.3064358   .2519725    -1.22   0.225    -.8024367    .1895651
         L4. |    -.33596   .2001604    -1.68   0.094    -.7299701    .0580502
         L5. |  -.3333899   .1914329    -1.74   0.083    -.7102202    .0434405
         L6. |  -.4700591    .154032    -3.05   0.002    -.7732667   -.1668514
         L7. |  -.4185663   .1893851    -2.21   0.028    -.7913657   -.0457669
         L8. |  -.3880135   .1632743    -2.38   0.018    -.7094145   -.0666125
         L9. |  -.4273749   .1566861    -2.73   0.007    -.7358071   -.1189428
        L10. |  -.3143831   .1373513    -2.29   0.023    -.5847554   -.0440107
        L11. |  -.2352565   .1261335    -1.87   0.063    -.4835468    .0130339
        L12. |  -.5947313   .2108877    -2.82   0.005    -1.009858   -.1796047
             |
       _cons |   .1382564   .0345087     4.01   0.000     .0703269    .2061859
------------------------------------------------------------------------------
(1 real change made)
(1 real change made)
(1 real change made)
(est18 stored)

Regression with Newey–West standard errors      Number of obs     =        305
Maximum lag = 18                                F( 25,       279) =       1.78
                                                Prob > F          =     0.0142

------------------------------------------------------------------------------
             |             Newey–West
       dep18 | Coefficient  std. err.      t    P>|t|     [95% conf. interval]
-------------+----------------------------------------------------------------
       Romer |
         --. |  -.0136487   .0250529    -0.54   0.586    -.0629653     .035668
         L1. |   .0000284   .0225568     0.00   0.999    -.0443749    .0444316
         L2. |   .0055607   .0231076     0.24   0.810    -.0399267    .0510481
         L3. |   .0166836   .0282035     0.59   0.555    -.0388352    .0722024
         L4. |   .0218563   .0268669     0.81   0.417    -.0310313     .074744
         L5. |   .0482598   .0263236     1.83   0.068    -.0035583     .100078
         L6. |   .0506813   .0277801     1.82   0.069     -.004004    .1053666
         L7. |   .0551214   .0282539     1.95   0.052    -.0004964    .1107393
         L8. |   .0501643   .0235848     2.13   0.034     .0037376    .0965909
         L9. |    .041598   .0230622     1.80   0.072    -.0037999     .086996
        L10. |   .0481202   .0235709     2.04   0.042     .0017209    .0945195
        L11. |   .0406614   .0208728     1.95   0.052    -.0004267    .0817495
        L12. |   .0356964   .0228474     1.56   0.119    -.0092788    .0806715
             |
  fdiff_l500 |
         L1. |   .0555139   .3190834     0.17   0.862    -.5726028    .6836306
         L2. |  -.3733455   .2590995    -1.44   0.151    -.8833838    .1366928
         L3. |  -.3529079   .2516437    -1.40   0.162    -.8482694    .1424536
         L4. |  -.3045457   .1951062    -1.56   0.120    -.6886128    .0795214
         L5. |  -.4449729   .1547536    -2.88   0.004    -.7496059   -.1403399
         L6. |  -.4839936    .156917    -3.08   0.002    -.7928852    -.175102
         L7. |  -.4108641   .1871959    -2.19   0.029    -.7793598   -.0423685
         L8. |  -.3463118   .1658976    -2.09   0.038    -.6728818   -.0197419
         L9. |  -.3645933   .1527349    -2.39   0.018    -.6652523   -.0639342
        L10. |  -.2870405   .1257093    -2.28   0.023    -.5344996   -.0395815
        L11. |  -.2571366    .115048    -2.24   0.026    -.4836091   -.0306642
        L12. |  -.6374957   .2128954    -2.99   0.003    -1.056581   -.2184104
             |
       _cons |   .1453832   .0353319     4.11   0.000     .0758322    .2149341
------------------------------------------------------------------------------
(1 real change made)
(1 real change made)
(1 real change made)
(est19 stored)

Regression with Newey–West standard errors      Number of obs     =        304
Maximum lag = 19                                F( 25,       278) =       2.25
                                                Prob > F          =     0.0008

------------------------------------------------------------------------------
             |             Newey–West
       dep19 | Coefficient  std. err.      t    P>|t|     [95% conf. interval]
-------------+----------------------------------------------------------------
       Romer |
         --. |    -.01288   .0252818    -0.51   0.611    -.0626481    .0368882
         L1. |   .0024804   .0216011     0.11   0.909    -.0400421    .0450029
         L2. |   .0119849   .0237749     0.50   0.615    -.0348169    .0587867
         L3. |   .0254068   .0263363     0.96   0.336    -.0264371    .0772507
         L4. |   .0357936   .0250167     1.43   0.154    -.0134526    .0850398
         L5. |   .0500682   .0259408     1.93   0.055    -.0009972    .1011335
         L6. |   .0584036   .0263094     2.22   0.027     .0066127    .1101944
         L7. |   .0605382   .0264502     2.29   0.023     .0084702    .1126063
         L8. |   .0471914   .0236163     2.00   0.047      .000702    .0936809
         L9. |   .0527479   .0234472     2.25   0.025     .0065913    .0989045
        L10. |   .0420638   .0220736     1.91   0.058    -.0013889    .0855164
        L11. |   .0431222   .0202091     2.13   0.034     .0033399    .0829046
        L12. |   .0425954    .024434     1.74   0.082    -.0055038    .0906946
             |
  fdiff_l500 |
         L1. |  -.0199721   .3297927    -0.06   0.952    -.6691804    .6292361
         L2. |  -.4111478   .2595945    -1.58   0.114    -.9221684    .0998729
         L3. |  -.3292115   .2439717    -1.35   0.178     -.809478    .1510551
         L4. |  -.4144302   .1600418    -2.59   0.010    -.7294779   -.0993826
         L5. |  -.4689677   .1578364    -2.97   0.003     -.779674   -.1582614
         L6. |     -.4704   .1581574    -2.97   0.003    -.7817382   -.1590617
         L7. |  -.3713007   .1835573    -2.02   0.044    -.7326396   -.0099619
         L8. |  -.2751626   .1632025    -1.69   0.093    -.5964323     .046107
         L9. |  -.3314834   .1419983    -2.33   0.020    -.6110118    -.051955
        L10. |  -.3196445   .1136493    -2.81   0.005     -.543367    -.095922
        L11. |  -.2772815   .1125241    -2.46   0.014    -.4987889    -.055774
        L12. |  -.6943657   .2233494    -3.11   0.002    -1.134036   -.2546949
             |
       _cons |   .1526491   .0359343     4.25   0.000     .0819111     .223387
------------------------------------------------------------------------------
(1 real change made)
(1 real change made)
(1 real change made)
(est20 stored)

Regression with Newey–West standard errors      Number of obs     =        303
Maximum lag = 20                                F( 25,       277) =       2.21
                                                Prob > F          =     0.0010

------------------------------------------------------------------------------
             |             Newey–West
       dep20 | Coefficient  std. err.      t    P>|t|     [95% conf. interval]
-------------+----------------------------------------------------------------
       Romer |
         --. |  -.0108465   .0240489    -0.45   0.652    -.0581883    .0364954
         L1. |   .0110043   .0222733     0.49   0.622    -.0328421    .0548507
         L2. |   .0203212   .0216854     0.94   0.350     -.022368    .0630103
         L3. |   .0404201   .0236551     1.71   0.089    -.0061466    .0869868
         L4. |   .0370859   .0239766     1.55   0.123    -.0101136    .0842853
         L5. |   .0577079   .0242159     2.38   0.018     .0100373    .1053786
         L6. |   .0663134   .0246037     2.70   0.007     .0178794    .1147475
         L7. |   .0590797   .0258063     2.29   0.023     .0082784     .109881
         L8. |    .058408   .0232328     2.51   0.013     .0126727    .1041433
         L9. |   .0472302   .0223347     2.11   0.035      .003263    .0911975
        L10. |   .0458365   .0210268     2.18   0.030     .0044439     .087229
        L11. |   .0508092   .0221013     2.30   0.022     .0073012    .0943171
        L12. |   .0516593   .0257247     2.01   0.046     .0010186    .1023001
             |
  fdiff_l500 |
         L1. |  -.0674224   .3342703    -0.20   0.840    -.7254552    .5906104
         L2. |  -.3777409   .2512436    -1.50   0.134    -.8723303    .1168485
         L3. |  -.4495187   .2019166    -2.23   0.027    -.8470047   -.0520328
         L4. |  -.4329219   .1500982    -2.88   0.004       -.7284   -.1374439
         L5. |  -.4690727   .1460771    -3.21   0.001    -.7566349   -.1815105
         L6. |  -.4175336   .1515163    -2.76   0.006    -.7158032    -.119264
         L7. |  -.2897694   .1884985    -1.54   0.125    -.6608409    .0813021
         L8. |  -.2384961   .1459083    -1.63   0.103     -.525726    .0487338
         L9. |   -.357175   .1233012    -2.90   0.004    -.5999015   -.1144486
        L10. |  -.3445651   .1177317    -2.93   0.004    -.5763275   -.1128026
        L11. |  -.3031087   .1263006    -2.40   0.017    -.5517397   -.0544776
        L12. |  -.7970092   .2318918    -3.44   0.001    -1.253503   -.3405151
             |
       _cons |   .1598127   .0362309     4.41   0.000     .0884898    .2311355
------------------------------------------------------------------------------
(1 real change made)
(1 real change made)
(1 real change made)
(est21 stored)

Regression with Newey–West standard errors      Number of obs     =        302
Maximum lag = 21                                F( 25,       276) =       2.71
                                                Prob > F          =     0.0000

------------------------------------------------------------------------------
             |             Newey–West
       dep21 | Coefficient  std. err.      t    P>|t|     [95% conf. interval]
-------------+----------------------------------------------------------------
       Romer |
         --. |  -.0013205   .0247425    -0.05   0.957    -.0500285    .0473875
         L1. |   .0195185   .0202427     0.96   0.336    -.0203313    .0593683
         L2. |   .0358035   .0192923     1.86   0.065    -.0021753    .0737822
         L3. |   .0418635   .0235861     1.77   0.077     -.004568     .088295
         L4. |   .0448087   .0216797     2.07   0.040       .00213    .0874873
         L5. |   .0664926   .0226435     2.94   0.004     .0219167    .1110684
         L6. |   .0648909   .0247408     2.62   0.009     .0161862    .1135956
         L7. |   .0701783   .0266218     2.64   0.009     .0177706     .122586
         L8. |   .0531187   .0219952     2.42   0.016     .0098191    .0964184
         L9. |   .0514559   .0217557     2.37   0.019     .0086278    .0942841
        L10. |   .0532107   .0230066     2.31   0.021     .0079199    .0985014
        L11. |   .0594889    .022986     2.59   0.010     .0142387    .1047391
        L12. |   .0511439   .0296902     1.72   0.086     -.007304    .1095919
             |
  fdiff_l500 |
         L1. |  -.0524041   .3277993    -0.16   0.873    -.6977085    .5929003
         L2. |  -.4917894   .2136789    -2.30   0.022    -.9124369   -.0711418
         L3. |  -.4650349   .1870859    -2.49   0.014    -.8333315   -.0967383
         L4. |   -.436276    .142332    -3.07   0.002    -.7164702   -.1560818
         L5. |  -.4140857   .1368801    -3.03   0.003    -.6835473   -.1446241
         L6. |  -.3349067   .1602467    -2.09   0.038    -.6503677   -.0194456
         L7. |  -.2587139   .1761082    -1.47   0.143       -.6054    .0879721
         L8. |  -.2610393   .1369548    -1.91   0.058    -.5306479    .0085694
         L9. |  -.3829036   .1282162    -2.99   0.003    -.6353096   -.1304976
        L10. |  -.3663065   .1331497    -2.75   0.006    -.6284245   -.1041886
        L11. |  -.4268764   .1293167    -3.30   0.001    -.6814488    -.172304
        L12. |  -.7545592   .2412959    -3.13   0.002    -1.229574   -.2795449
             |
       _cons |   .1668117   .0364547     4.58   0.000     .0950471    .2385763
------------------------------------------------------------------------------
(1 real change made)
(1 real change made)
(1 real change made)
(est22 stored)

Regression with Newey–West standard errors      Number of obs     =        301
Maximum lag = 22                                F( 25,       275) =       2.24
                                                Prob > F          =     0.0009

------------------------------------------------------------------------------
             |             Newey–West
       dep22 | Coefficient  std. err.      t    P>|t|     [95% conf. interval]
-------------+----------------------------------------------------------------
       Romer |
         --. |   .0090574   .0223751     0.40   0.686     -.034991    .0531057
         L1. |   .0338986   .0184174     1.84   0.067    -.0023583    .0701555
         L2. |   .0364425   .0197937     1.84   0.067    -.0025239    .0754088
         L3. |   .0496048   .0216814     2.29   0.023     .0069223    .0922874
         L4. |   .0519688   .0207689     2.50   0.013     .0110826     .092855
         L5. |   .0654247   .0232137     2.82   0.005     .0197256    .1111238
         L6. |   .0749978   .0260946     2.87   0.004     .0236273    .1263683
         L7. |   .0654903   .0272004     2.41   0.017     .0119427    .1190378
         L8. |   .0568027   .0218457     2.60   0.010     .0137966    .0998088
         L9. |   .0603775   .0240593     2.51   0.013     .0130136    .1077413
        L10. |   .0606873   .0247145     2.46   0.015     .0120337     .109341
        L11. |    .057312    .026686     2.15   0.033     .0047772    .1098468
        L12. |    .050283   .0298483     1.68   0.093    -.0084772    .1090432
             |
  fdiff_l500 |
         L1. |  -.1710063   .2811232    -0.61   0.543    -.7244332    .3824207
         L2. |  -.5084734   .1917783    -2.65   0.008    -.8860135   -.1309333
         L3. |  -.4588762   .1868996    -2.46   0.015    -.8268119   -.0909404
         L4. |  -.3871612   .1345787    -2.88   0.004    -.6520966   -.1222258
         L5. |  -.3122199   .1530054    -2.04   0.042    -.6134306   -.0110093
         L6. |  -.3075974   .1509024    -2.04   0.042     -.604668   -.0105268
         L7. |  -.3014972   .1602498    -1.88   0.061    -.6169694     .013975
         L8. |  -.2732849   .1429413    -1.91   0.057    -.5546832    .0081133
         L9. |  -.4118899   .1437276    -2.87   0.004     -.694836   -.1289437
        L10. |  -.4780024   .1386936    -3.45   0.001    -.7510386   -.2049663
        L11. |  -.4200559    .118972    -3.53   0.000    -.6542674   -.1858444
        L12. |   -.670375   .2512555    -2.67   0.008    -1.165004   -.1757465
             |
       _cons |   .1737709   .0367522     4.73   0.000     .1014195    .2461222
------------------------------------------------------------------------------
(1 real change made)
(1 real change made)
(1 real change made)
(est23 stored)

Regression with Newey–West standard errors      Number of obs     =        300
Maximum lag = 23                                F( 25,       274) =       2.37
                                                Prob > F          =     0.0004

------------------------------------------------------------------------------
             |             Newey–West
       dep23 | Coefficient  std. err.      t    P>|t|     [95% conf. interval]
-------------+----------------------------------------------------------------
       Romer |
         --. |   .0255241   .0199922     1.28   0.203    -.0138337     .064882
         L1. |   .0352751   .0189374     1.86   0.064    -.0020062    .0725564
         L2. |   .0437201    .018687     2.34   0.020     .0069317    .0805085
         L3. |   .0569549   .0210671     2.70   0.007      .015481    .0984288
         L4. |   .0495032   .0214638     2.31   0.022     .0072484    .0917581
         L5. |   .0751237   .0248342     3.03   0.003     .0262337    .1240137
         L6. |   .0704897   .0267409     2.64   0.009     .0178459    .1231334
         L7. |   .0707955   .0278481     2.54   0.012      .015972     .125619
         L8. |   .0643881    .024261     2.65   0.008     .0166264    .1121497
         L9. |   .0679474    .026178     2.60   0.010     .0164119     .119483
        L10. |   .0590048   .0291213     2.03   0.044     .0016749    .1163347
        L11. |   .0551826   .0269122     2.05   0.041     .0022016    .1081636
        L12. |   .0536769   .0325284     1.65   0.100    -.0103605    .1177142
             |
  fdiff_l500 |
         L1. |  -.2068417   .2559094    -0.81   0.420    -.7106402    .2969568
         L2. |  -.4987664   .1905533    -2.62   0.009    -.8739011   -.1236317
         L3. |  -.4080981   .1677136    -2.43   0.016    -.7382691   -.0779271
         L4. |  -.2880225   .1587282    -1.81   0.071    -.6005042    .0244593
         L5. |  -.2809424   .1449187    -1.94   0.054    -.5662381    .0043533
         L6. |  -.3309844   .1510401    -2.19   0.029     -.628331   -.0336378
         L7. |  -.3056999    .186889    -1.64   0.103    -.6736208     .062221
         L8. |  -.3030722   .1575579    -1.92   0.055    -.6132501    .0071057
         L9. |  -.5239955   .1484968    -3.53   0.000    -.8163352   -.2316559
        L10. |  -.4490189   .1257056    -3.57   0.000    -.6964904   -.2015474
        L11. |  -.3682365   .1355915    -2.72   0.007      -.63517   -.1013029
        L12. |  -.6301671   .2689029    -2.34   0.020    -1.159545   -.1007887
             |
       _cons |   .1796803   .0370112     4.85   0.000     .1068178    .2525427
------------------------------------------------------------------------------
(1 real change made)
(1 real change made)
(1 real change made)
(est24 stored)

Regression with Newey–West standard errors      Number of obs     =        299
Maximum lag = 24                                F( 25,       273) =       2.88
                                                Prob > F          =     0.0000

------------------------------------------------------------------------------
             |             Newey–West
       dep24 | Coefficient  std. err.      t    P>|t|     [95% conf. interval]
-------------+----------------------------------------------------------------
       Romer |
         --. |   .0281616   .0201457     1.40   0.163     -.011499    .0678222
         L1. |    .043669   .0176274     2.48   0.014      .008966    .0783719
         L2. |   .0488815   .0175863     2.78   0.006     .0142595    .0835035
         L3. |   .0553744   .0220851     2.51   0.013     .0118956    .0988533
         L4. |   .0551006   .0233944     2.36   0.019     .0090443     .101157
         L5. |   .0693068   .0255966     2.71   0.007     .0189149    .1196987
         L6. |   .0767189     .02746     2.79   0.006     .0226587    .1307791
         L7. |   .0819664   .0306188     2.68   0.008     .0216874    .1422453
         L8. |   .0702743   .0264355     2.66   0.008      .018231    .1223177
         L9. |   .0672883   .0313182     2.15   0.033     .0056323    .1289442
        L10. |   .0573709   .0295859     1.94   0.054    -.0008746    .1156164
        L11. |   .0576346   .0286237     2.01   0.045     .0012834    .1139859
        L12. |   .0627285   .0368694     1.70   0.090     -.009856     .135313
             |
  fdiff_l500 |
         L1. |   -.175975   .2471682    -0.71   0.477    -.6625731     .310623
         L2. |  -.4494827   .1693614    -2.65   0.008    -.7829031   -.1160624
         L3. |  -.3081925   .1747042    -1.76   0.079    -.6521311    .0357461
         L4. |   -.257354   .1559982    -1.65   0.100    -.5644664    .0497585
         L5. |  -.2963294   .1314074    -2.26   0.025    -.5550301   -.0376286
         L6. |  -.3157048   .1846839    -1.71   0.089    -.6792904    .0478809
         L7. |  -.3311669   .1965012    -1.69   0.093    -.7180171    .0556833
         L8. |  -.4026589   .1487677    -2.71   0.007    -.6955366   -.1097812
         L9. |  -.4967825   .1257294    -3.95   0.000    -.7443049   -.2492601
        L10. |  -.3733203   .1372126    -2.72   0.007    -.6434495   -.1031911
        L11. |  -.3245881   .1564862    -2.07   0.039    -.6326612    -.016515
        L12. |  -.6807383   .2707397    -2.51   0.013    -1.213741   -.1477353
             |
       _cons |   .1849548   .0371496     4.98   0.000     .1118187    .2580908
------------------------------------------------------------------------------
(1 real change made)
(1 real change made)
(1 real change made)
(est25 stored)

. 
. twoway ///
> (rarea u d  Years,  ///
> fcolor(gs13) lcolor(gs13) lw(none) lpattern(solid)) ///
> (line b Years, lcolor(blue) lpattern(solid) lwidth(thick)) ///
> (line Zero Years, lcolor(black)), legend(off) ///
> title("Original Cumulative Response of S&P 500 to 1pp R&R MP shock", color(black) size(medsmall)) ///
> ytitle("Percent Change S&P500", size(medsmall)) xtitle("Months After Shock", size(medsmall)) ///
> graphregion(color(white)) plotregion(color(white))

. 
. graph export "$path/og_irf.png", replace
file /Users/bradleychao/Desktop/EC15_Research/Data_Manip/og_irf.png saved as PNG format

. 
. * Now run the original data which uses Wielan's updated dataset to 2007
. use "$path/full_dataset.dta", replace

. 
. 
. gen monthseq = _n - 1

. 
. scalar basedate = mdy(1, 1, 1969)

. gen date = mofd(basedate) + monthseq

. 
. drop monthseq

. 
. order index date Romer log_SP500

. 
. format date %tm

. tsset date, monthly

Time variable: date, 1969m1 to 2007m12
        Delta: 1 month

. 
. gen fdiff_l500 = d.log_SP500
(1 missing value generated)

. 
. local hmax = 24

. 
. forvalues h = 0/`hmax' {
  2.         gen dep`h' = f`h'.log_SP500 - l.log_SP500
  3. }
(1 missing value generated)
(2 missing values generated)
(3 missing values generated)
(4 missing values generated)
(5 missing values generated)
(6 missing values generated)
(7 missing values generated)
(8 missing values generated)
(9 missing values generated)
(10 missing values generated)
(11 missing values generated)
(12 missing values generated)
(13 missing values generated)
(14 missing values generated)
(15 missing values generated)
(16 missing values generated)
(17 missing values generated)
(18 missing values generated)
(19 missing values generated)
(20 missing values generated)
(21 missing values generated)
(22 missing values generated)
(23 missing values generated)
(24 missing values generated)
(25 missing values generated)

. 
. gen Years = _n-1 if _n<= `hmax'
(444 missing values generated)

. gen Zero = 0 if _n<=`hmax'
(444 missing values generated)

. gen b = 0

. gen u = 0

. gen d = 0

. 
. local lag=12

. 
. forvalues h = 0/`hmax' {
  2.     newey dep`h' L(0/`lag').Romer L(1/`lag').fdiff_l500, lag(`h') 
  3.     replace b = 100*_b[Romer]                     if _n == `h'+1
  4.     replace u = 100*(_b[Romer] + 1.645* _se[Romer]) if _n == `h'+1
  5.     replace d = 100*(_b[Romer] - 1.645* _se[Romer]) if _n == `h'+1
  6.     eststo
  7. }

Regression with Newey–West standard errors      Number of obs     =        455
Maximum lag = 0                                 F( 25,       429) =       1.89
                                                Prob > F          =     0.0065

------------------------------------------------------------------------------
             |             Newey–West
        dep0 | Coefficient  std. err.      t    P>|t|     [95% conf. interval]
-------------+----------------------------------------------------------------
       Romer |
         --. |   -.005294   .0061937    -0.85   0.393    -.0174678    .0068798
         L1. |  -.0096104   .0049794    -1.93   0.054    -.0193974    .0001767
         L2. |  -.0036064   .0059302    -0.61   0.543    -.0152623    .0080494
         L3. |  -.0000392   .0052828    -0.01   0.994    -.0104225    .0103442
         L4. |  -.0075339    .006201    -1.21   0.225     -.019722    .0046543
         L5. |  -.0013462    .004779    -0.28   0.778    -.0107395     .008047
         L6. |  -.0054492   .0049421    -1.10   0.271    -.0151629    .0042645
         L7. |   .0051031   .0075875     0.67   0.502    -.0098102    .0200163
         L8. |    .001132   .0056776     0.20   0.842    -.0100273    .0122913
         L9. |   .0024228   .0048779     0.50   0.620    -.0071647    .0120102
        L10. |  -.0002375     .00748    -0.03   0.975    -.0149396    .0144646
        L11. |   .0049078   .0081762     0.60   0.549    -.0111625    .0209781
        L12. |   .0016053   .0049815     0.32   0.747     -.008186    .0113966
             |
  fdiff_l500 |
         L1. |   .2703365   .0578954     4.67   0.000     .1565425    .3841305
         L2. |  -.0755356   .0486852    -1.55   0.122    -.1712269    .0201557
         L3. |   .0429689   .0538317     0.80   0.425    -.0628377    .1487755
         L4. |  -.0376565   .0552205    -0.68   0.496    -.1461928    .0708798
         L5. |   .1228159   .0528976     2.32   0.021     .0188452    .2267866
         L6. |  -.0683783    .056604    -1.21   0.228     -.179634    .0428775
         L7. |  -.0032522   .0556195    -0.06   0.953    -.1125728    .1060684
         L8. |   .0539212   .0517661     1.04   0.298    -.0478256     .155668
         L9. |   -.011472   .0548466    -0.21   0.834    -.1192734    .0963295
        L10. |   .0214771   .0544612     0.39   0.694    -.0855668     .128521
        L11. |   .0550859   .0556525     0.99   0.323    -.0542996    .1644714
        L12. |  -.0207138   .0552809    -0.37   0.708    -.1293689    .0879413
             |
       _cons |   .0039742   .0020774     1.91   0.056    -.0001089    .0080573
------------------------------------------------------------------------------
(1 real change made)
(1 real change made)
(1 real change made)
(est26 stored)

Regression with Newey–West standard errors      Number of obs     =        454
Maximum lag = 1                                 F( 25,       428) =       1.12
                                                Prob > F          =     0.3156

------------------------------------------------------------------------------
             |             Newey–West
        dep1 | Coefficient  std. err.      t    P>|t|     [95% conf. interval]
-------------+----------------------------------------------------------------
       Romer |
         --. |  -.0168701   .0086579    -1.95   0.052    -.0338873    .0001472
         L1. |  -.0156282   .0092145    -1.70   0.091    -.0337395     .002483
         L2. |  -.0043118   .0098885    -0.44   0.663    -.0237479    .0151243
         L3. |  -.0072175   .0086759    -0.83   0.406    -.0242701    .0098352
         L4. |  -.0099199   .0084741    -1.17   0.242     -.026576    .0067361
         L5. |  -.0067744   .0076305    -0.89   0.375    -.0217724    .0082236
         L6. |  -.0013451   .0088618    -0.15   0.879    -.0187632    .0160731
         L7. |   .0068843   .0099472     0.69   0.489    -.0126671    .0264357
         L8. |   .0043169   .0080345     0.54   0.591     -.011475    .0201089
         L9. |   .0029535   .0099934     0.30   0.768    -.0166888    .0225957
        L10. |   .0045853   .0113577     0.40   0.687    -.0177386    .0269091
        L11. |   .0081341   .0100254     0.81   0.418    -.0115711    .0278393
        L12. |   .0021491   .0078636     0.27   0.785     -.013307    .0176051
             |
  fdiff_l500 |
         L1. |   .2615752   .0920773     2.84   0.005     .0805953    .4425551
         L2. |  -.0512043   .0786287    -0.65   0.515    -.2057507    .1033421
         L3. |   .0151363   .0765763     0.20   0.843    -.1353761    .1656487
         L4. |   .0773454   .0816215     0.95   0.344    -.0830836    .2377743
         L5. |   .0813112   .0792735     1.03   0.306    -.0745027    .2371251
         L6. |  -.0936223   .0797513    -1.17   0.241    -.2503752    .0631305
         L7. |   .0471772   .0813518     0.58   0.562    -.1127216     .207076
         L8. |   .0553851   .0883507     0.63   0.531    -.1182702    .2290404
         L9. |   .0107849   .0885926     0.12   0.903    -.1633458    .1849156
        L10. |   .0751315   .0816216     0.92   0.358    -.0852976    .2355606
        L11. |   .0549829   .0749029     0.73   0.463    -.0922404    .2022061
        L12. |  -.0373784   .0764604    -0.49   0.625     -.187663    .1129061
             |
       _cons |   .0092316   .0040077     2.30   0.022     .0013544    .0171089
------------------------------------------------------------------------------
(1 real change made)
(1 real change made)
(1 real change made)
(est27 stored)

Regression with Newey–West standard errors      Number of obs     =        453
Maximum lag = 2                                 F( 25,       427) =       0.86
                                                Prob > F          =     0.6595

------------------------------------------------------------------------------
             |             Newey–West
        dep2 | Coefficient  std. err.      t    P>|t|     [95% conf. interval]
-------------+----------------------------------------------------------------
       Romer |
         --. |  -.0247564   .0122763    -2.02   0.044    -.0488859   -.0006269
         L1. |  -.0163847   .0117657    -1.39   0.164    -.0395107    .0067412
         L2. |  -.0119269   .0119626    -1.00   0.319    -.0354398    .0115859
         L3. |  -.0093815   .0102608    -0.91   0.361    -.0295496    .0107865
         L4. |  -.0130643   .0106658    -1.22   0.221    -.0340282    .0078997
         L5. |  -.0029438    .009917    -0.30   0.767     -.022436    .0165484
         L6. |   .0015046   .0104871     0.14   0.886    -.0191081    .0221173
         L7. |   .0081425   .0116978     0.70   0.487    -.0148499    .0311349
         L8. |   .0059103    .013456     0.44   0.661     -.020538    .0323586
         L9. |   .0068883   .0144341     0.48   0.633    -.0214825    .0352591
        L10. |   .0086218   .0132504     0.65   0.516    -.0174223    .0346659
        L11. |   .0104314   .0101512     1.03   0.305    -.0095211    .0303839
        L12. |   -.000904   .0109181    -0.08   0.934    -.0223639    .0205559
             |
  fdiff_l500 |
         L1. |   .2790135   .1017092     2.74   0.006     .0791005    .4789265
         L2. |  -.0713305   .0955904    -0.75   0.456    -.2592167    .1165558
         L3. |   .1211271   .0912709     1.33   0.185    -.0582691    .3005234
         L4. |    .042415   .0965155     0.44   0.661    -.1472897    .2321196
         L5. |   .0410216   .0974481     0.42   0.674     -.150516    .2325592
         L6. |  -.0464924   .0908903    -0.51   0.609    -.2251406    .1321557
         L7. |    .066426   .1082239     0.61   0.540    -.1462918    .2791438
         L8. |   .0622953    .111346     0.56   0.576    -.1565592    .2811498
         L9. |    .074765   .0991569     0.75   0.451    -.1201314    .2696614
        L10. |   .0590559   .0907992     0.65   0.516    -.1194131    .2375249
        L11. |   .0661718   .0800633     0.83   0.409    -.0911955    .2235391
        L12. |   -.112543   .0909624    -1.24   0.217    -.2913328    .0662469
             |
       _cons |   .0150171   .0060399     2.49   0.013     .0031455    .0268888
------------------------------------------------------------------------------
(1 real change made)
(1 real change made)
(1 real change made)
(est28 stored)

Regression with Newey–West standard errors      Number of obs     =        452
Maximum lag = 3                                 F( 25,       426) =       0.56
                                                Prob > F          =     0.9613

------------------------------------------------------------------------------
             |             Newey–West
        dep3 | Coefficient  std. err.      t    P>|t|     [95% conf. interval]
-------------+----------------------------------------------------------------
       Romer |
         --. |  -.0266951   .0147285    -1.81   0.071    -.0556448    .0022545
         L1. |  -.0235671   .0145337    -1.62   0.106    -.0521337    .0049996
         L2. |  -.0140127   .0132208    -1.06   0.290    -.0399989    .0119734
         L3. |  -.0122115   .0122227    -1.00   0.318    -.0362358    .0118128
         L4. |  -.0078926   .0121047    -0.65   0.515     -.031685    .0158997
         L5. |   .0002867   .0107575     0.03   0.979    -.0208578    .0214312
         L6. |   .0038233   .0116827     0.33   0.744    -.0191396    .0267861
         L7. |   .0088483   .0139092     0.64   0.525    -.0184909    .0361875
         L8. |   .0105697   .0159573     0.66   0.508    -.0207951    .0419345
         L9. |   .0111294   .0155901     0.71   0.476    -.0195138    .0417726
        L10. |   .0113121   .0139044     0.81   0.416    -.0160176    .0386418
        L11. |     .00842   .0113696     0.74   0.459    -.0139275    .0307674
        L12. |  -.0006522   .0140711    -0.05   0.963    -.0283095    .0270052
             |
  fdiff_l500 |
         L1. |   .2540875   .1083843     2.34   0.020     .0410529     .467122
         L2. |   .0381158   .1144851     0.33   0.739    -.1869101    .2631418
         L3. |   .0849188   .1060222     0.80   0.424    -.1234729    .2933106
         L4. |   .0047012   .1027836     0.05   0.964    -.1973248    .2067273
         L5. |   .0806633   .1097631     0.73   0.463    -.1350814    .2964081
         L6. |  -.0356833   .1170254    -0.30   0.761    -.2657024    .1943358
         L7. |   .0767692   .1316863     0.58   0.560    -.1820666     .335605
         L8. |   .1240284   .1226357     1.01   0.312    -.1170179    .3650748
         L9. |   .0642927   .1124659     0.57   0.568    -.1567644    .2853498
        L10. |   .0580424   .0967004     0.60   0.549    -.1320269    .2481117
        L11. |   .0116917   .0896863     0.13   0.896    -.1645911    .1879744
        L12. |  -.1712136   .1086155    -1.58   0.116    -.3847025    .0422754
             |
       _cons |    .021338     .00822     2.60   0.010     .0051813    .0374948
------------------------------------------------------------------------------
(1 real change made)
(1 real change made)
(1 real change made)
(est29 stored)

Regression with Newey–West standard errors      Number of obs     =        451
Maximum lag = 4                                 F( 25,       425) =       0.66
                                                Prob > F          =     0.8979

------------------------------------------------------------------------------
             |             Newey–West
        dep4 | Coefficient  std. err.      t    P>|t|     [95% conf. interval]
-------------+----------------------------------------------------------------
       Romer |
         --. |  -.0331268   .0174034    -1.90   0.058    -.0673342    .0010807
         L1. |  -.0254087   .0161681    -1.57   0.117    -.0571882    .0063707
         L2. |  -.0166349   .0150452    -1.11   0.269    -.0462071    .0129374
         L3. |  -.0065756   .0142094    -0.46   0.644     -.034505    .0213537
         L4. |  -.0034979   .0121712    -0.29   0.774    -.0274212    .0204254
         L5. |   .0037992   .0116194     0.33   0.744    -.0190394    .0266378
         L6. |   .0048884   .0145673     0.34   0.737    -.0237445    .0335213
         L7. |   .0124834   .0183318     0.68   0.496    -.0235489    .0485157
         L8. |   .0155097   .0172565     0.90   0.369     -.018409    .0494284
         L9. |   .0152463    .015526     0.98   0.327    -.0152709    .0457635
        L10. |   .0084899   .0169353     0.50   0.616    -.0247975    .0417773
        L11. |   .0083992   .0133705     0.63   0.530    -.0178813    .0346797
        L12. |  -.0017239    .017561    -0.10   0.922     -.036241    .0327932
             |
  fdiff_l500 |
         L1. |   .3436537   .1202813     2.86   0.004     .1072334     .580074
         L2. |   .0081168   .1220079     0.07   0.947    -.2316972    .2479309
         L3. |   .0476675    .112557     0.42   0.672    -.1735702    .2689053
         L4. |   .0429241    .109673     0.39   0.696    -.1726448    .2584931
         L5. |   .0841848   .1293745     0.65   0.516    -.1701088    .3384783
         L6. |  -.0287772   .1394986    -0.21   0.837    -.3029702    .2454159
         L7. |   .1203876   .1316885     0.91   0.361    -.1384542    .3792294
         L8. |    .121641   .1388757     0.88   0.382    -.1513279    .3946098
         L9. |   .0645164   .1183129     0.55   0.586    -.1680348    .2970676
        L10. |  -.0057849   .0996004    -0.06   0.954    -.2015557    .1899858
        L11. |  -.0580978   .1120379    -0.52   0.604    -.2783152    .1621196
        L12. |  -.1491121    .120494    -1.24   0.217    -.3859503    .0877262
             |
       _cons |   .0278971    .010386     2.69   0.008     .0074827    .0483114
------------------------------------------------------------------------------
(1 real change made)
(1 real change made)
(1 real change made)
(est30 stored)

Regression with Newey–West standard errors      Number of obs     =        450
Maximum lag = 5                                 F( 25,       424) =       0.81
                                                Prob > F          =     0.7359

------------------------------------------------------------------------------
             |             Newey–West
        dep5 | Coefficient  std. err.      t    P>|t|     [95% conf. interval]
-------------+----------------------------------------------------------------
       Romer |
         --. |  -.0354477   .0192142    -1.84   0.066    -.0732147    .0023193
         L1. |  -.0290537   .0179656    -1.62   0.107    -.0643663    .0062589
         L2. |  -.0116626    .017741    -0.66   0.511    -.0465338    .0232086
         L3. |  -.0021765   .0143159    -0.15   0.879    -.0303156    .0259626
         L4. |  -.0003192   .0132454    -0.02   0.981    -.0263541    .0257157
         L5. |   .0050313   .0149266     0.34   0.736    -.0243081    .0343706
         L6. |   .0076786   .0183737     0.42   0.676    -.0284363    .0437934
         L7. |   .0178227   .0197503     0.90   0.367    -.0209979    .0566434
         L8. |   .0198169   .0182198     1.09   0.277    -.0159955    .0556292
         L9. |   .0125748   .0188275     0.67   0.505    -.0244322    .0495817
        L10. |   .0081282   .0207274     0.39   0.695    -.0326131    .0488694
        L11. |   .0069645   .0169313     0.41   0.681    -.0263153    .0402444
        L12. |   .0052474   .0215445     0.24   0.808    -.0370999    .0475948
             |
  fdiff_l500 |
         L1. |     .32607   .1318197     2.47   0.014     .0669686    .5851715
         L2. |  -.0357825   .1324979    -0.27   0.787    -.2962169     .224652
         L3. |   .0887155   .1252835     0.71   0.479    -.1575385    .3349695
         L4. |   .0456819   .1314728     0.35   0.728    -.2127376    .3041015
         L5. |   .0886453   .1620467     0.55   0.585    -.2298697    .4071602
         L6. |   .0147975   .1384239     0.11   0.915    -.2572851      .28688
         L7. |   .1136183   .1471788     0.77   0.441    -.1756727    .4029092
         L8. |   .1307094   .1355773     0.96   0.336     -.135778    .3971968
         L9. |  -.0018643   .1166263    -0.02   0.987    -.2311021    .2273735
        L10. |  -.0690992   .1174149    -0.59   0.557    -.2998869    .1616884
        L11. |  -.0326357   .1235366    -0.26   0.792    -.2754561    .2101848
        L12. |  -.1175825   .1312003    -0.90   0.371    -.3754665    .1403014
             |
       _cons |   .0348554   .0126171     2.76   0.006     .0100555    .0596552
------------------------------------------------------------------------------
(1 real change made)
(1 real change made)
(1 real change made)
(est31 stored)

Regression with Newey–West standard errors      Number of obs     =        449
Maximum lag = 6                                 F( 25,       423) =       0.62
                                                Prob > F          =     0.9260

------------------------------------------------------------------------------
             |             Newey–West
        dep6 | Coefficient  std. err.      t    P>|t|     [95% conf. interval]
-------------+----------------------------------------------------------------
       Romer |
         --. |  -.0393239   .0204139    -1.93   0.055    -.0794492    .0008014
         L1. |  -.0241287   .0192099    -1.26   0.210    -.0618875      .01363
         L2. |  -.0067193   .0166211    -0.40   0.686    -.0393896     .025951
         L3. |   .0007508    .015511     0.05   0.961    -.0297375    .0312391
         L4. |   .0022611   .0167237     0.14   0.893    -.0306108    .0351329
         L5. |    .007958    .018418     0.43   0.666    -.0282443    .0441602
         L6. |   .0128803   .0204327     0.63   0.529     -.027282    .0530427
         L7. |   .0208479   .0200976     1.04   0.300    -.0186558    .0603516
         L8. |   .0173306    .022142     0.78   0.434    -.0261915    .0608527
         L9. |    .011943   .0224409     0.53   0.595    -.0321666    .0560526
        L10. |   .0066418   .0230405     0.29   0.773    -.0386464      .05193
        L11. |   .0143251   .0173715     0.82   0.410    -.0198201    .0484702
        L12. |  -.0003275   .0210609    -0.02   0.988    -.0417245    .0410695
             |
  fdiff_l500 |
         L1. |   .2759293   .1464666     1.88   0.060    -.0119637    .5638224
         L2. |   .0069816   .1457158     0.05   0.962    -.2794357    .2933989
         L3. |   .0927859   .1438042     0.65   0.519    -.1898739    .3754456
         L4. |   .0491231   .1560239     0.31   0.753    -.2575556    .3558018
         L5. |   .1303764   .1516741     0.86   0.391    -.1677523    .4285051
         L6. |   .0053798   .1462385     0.04   0.971    -.2820649    .2928245
         L7. |   .1218634   .1427557     0.85   0.394    -.1587355    .4024624
         L8. |    .060286   .1351754     0.45   0.656    -.2054131    .3259851
         L9. |  -.0619503   .1346408    -0.46   0.646    -.3265986    .2026981
        L10. |  -.0482445    .130787    -0.37   0.712    -.3053178    .2088288
        L11. |  -.0068211   .1272247    -0.05   0.957    -.2568926    .2432503
        L12. |  -.1060649   .1526802    -0.69   0.488    -.4061712    .1940414
             |
       _cons |   .0418033   .0148123     2.82   0.005     .0126885    .0709181
------------------------------------------------------------------------------
(1 real change made)
(1 real change made)
(1 real change made)
(est32 stored)

Regression with Newey–West standard errors      Number of obs     =        448
Maximum lag = 7                                 F( 25,       422) =       0.56
                                                Prob > F          =     0.9575

------------------------------------------------------------------------------
             |             Newey–West
        dep7 | Coefficient  std. err.      t    P>|t|     [95% conf. interval]
-------------+----------------------------------------------------------------
       Romer |
         --. |  -.0352442   .0212766    -1.66   0.098    -.0770655    .0065772
         L1. |  -.0182883   .0177377    -1.03   0.303    -.0531536    .0165771
         L2. |  -.0032042   .0175989    -0.18   0.856    -.0377966    .0313882
         L3. |   .0034343   .0198084     0.17   0.862    -.0355011    .0423697
         L4. |   .0066522   .0204318     0.33   0.745    -.0335085    .0468129
         L5. |   .0130866   .0210967     0.62   0.535    -.0283811    .0545543
         L6. |   .0171123   .0218513     0.78   0.434    -.0258387    .0600633
         L7. |   .0172228   .0228142     0.75   0.451    -.0276209    .0620664
         L8. |   .0170085   .0254468     0.67   0.504    -.0330098    .0670267
         L9. |   .0097496   .0235263     0.41   0.679    -.0364937    .0559929
        L10. |   .0148846   .0223878     0.66   0.507    -.0291209    .0588901
        L11. |   .0099788    .017431     0.57   0.567    -.0242836    .0442412
        L12. |  -.0049494   .0226932    -0.22   0.827    -.0495552    .0396564
             |
  fdiff_l500 |
         L1. |   .3097962   .1597466     1.94   0.053     -.004202    .6237944
         L2. |   .0168384   .1577918     0.11   0.915    -.2933173     .326994
         L3. |   .0926495   .1712115     0.54   0.589    -.2438841     .429183
         L4. |   .0960467   .1527322     0.63   0.530    -.2041639    .3962573
         L5. |   .1113278   .1532768     0.73   0.468    -.1899533     .412609
         L6. |   .0115587   .1472082     0.08   0.937    -.2777938    .3009113
         L7. |   .0625846   .1387669     0.45   0.652    -.2101758     .335345
         L8. |  -.0102078   .1471918    -0.07   0.945    -.2995282    .2791126
         L9. |  -.0352959    .149852    -0.24   0.814    -.3298452    .2592534
        L10. |  -.0325693   .1360858    -0.24   0.811    -.3000597    .2349211
        L11. |   .0212301   .1401884     0.15   0.880    -.2543244    .2967845
        L12. |  -.1775398   .1574959    -1.13   0.260    -.4871139    .1320344
             |
       _cons |   .0488289    .016913     2.89   0.004     .0155846    .0820732
------------------------------------------------------------------------------
(1 real change made)
(1 real change made)
(1 real change made)
(est33 stored)

Regression with Newey–West standard errors      Number of obs     =        447
Maximum lag = 8                                 F( 25,       421) =       0.75
                                                Prob > F          =     0.8006

------------------------------------------------------------------------------
             |             Newey–West
        dep8 | Coefficient  std. err.      t    P>|t|     [95% conf. interval]
-------------+----------------------------------------------------------------
       Romer |
         --. |  -.0295576   .0193602    -1.53   0.128    -.0676123    .0084972
         L1. |  -.0145966    .017897    -0.82   0.415    -.0497753     .020582
         L2. |  -.0012654   .0204693    -0.06   0.951    -.0415002    .0389693
         L3. |   .0082665   .0236303     0.35   0.727    -.0381817    .0547146
         L4. |   .0100178   .0225781     0.44   0.657     -.034362    .0543976
         L5. |   .0168165   .0218408     0.77   0.442    -.0261141    .0597471
         L6. |   .0140645   .0241906     0.58   0.561     -.033485     .061614
         L7. |   .0185988   .0255322     0.73   0.467    -.0315877    .0687853
         L8. |   .0146008   .0259781     0.56   0.574    -.0364622    .0656638
         L9. |   .0178962   .0225039     0.80   0.427    -.0263378    .0621303
        L10. |   .0112209   .0209482     0.54   0.592    -.0299553    .0523971
        L11. |   .0055784   .0194771     0.29   0.775    -.0327061     .043863
        L12. |  -.0005725    .023787    -0.02   0.981    -.0473286    .0461836
             |
  fdiff_l500 |
         L1. |    .337383   .1741386     1.94   0.053    -.0049064    .6796724
         L2. |   .0156291   .1768601     0.09   0.930    -.3320097     .363268
         L3. |   .1380052   .1700988     0.81   0.418    -.1963436     .472354
         L4. |   .0799076   .1491922     0.54   0.593    -.2133469    .3731621
         L5. |     .12207   .1618624     0.75   0.451    -.1960891    .4402292
         L6. |  -.0469652   .1448016    -0.32   0.746    -.3315895    .2376591
         L7. |   .0008112   .1445969     0.01   0.996    -.2834106     .285033
         L8. |   .0172379   .1643913     0.10   0.917     -.305892    .3403678
         L9. |  -.0218377   .1597186    -0.14   0.891    -.3357829    .2921074
        L10. |  -.0010587   .1524689    -0.01   0.994    -.3007539    .2986364
        L11. |   -.029392   .1456466    -0.20   0.840     -.315677    .2568931
        L12. |  -.2408719   .1563627    -1.54   0.124    -.5482207    .0664769
             |
       _cons |   .0559683   .0189438     2.95   0.003     .0187322    .0932045
------------------------------------------------------------------------------
(1 real change made)
(1 real change made)
(1 real change made)
(est34 stored)

Regression with Newey–West standard errors      Number of obs     =        446
Maximum lag = 9                                 F( 25,       420) =       0.72
                                                Prob > F          =     0.8424

------------------------------------------------------------------------------
             |             Newey–West
        dep9 | Coefficient  std. err.      t    P>|t|     [95% conf. interval]
-------------+----------------------------------------------------------------
       Romer |
         --. |   -.025724   .0187599    -1.37   0.171    -.0625989     .011151
         L1. |   -.012552   .0205406    -0.61   0.541    -.0529273    .0278232
         L2. |   .0029443   .0247922     0.12   0.906    -.0457879    .0516765
         L3. |   .0123755   .0251648     0.49   0.623    -.0370892    .0618402
         L4. |   .0115704   .0229954     0.50   0.615      -.03363    .0567707
         L5. |   .0134612    .023473     0.57   0.567     -.032678    .0596003
         L6. |   .0163708   .0269105     0.61   0.543    -.0365253    .0692668
         L7. |   .0179213   .0265208     0.68   0.500    -.0342088    .0700513
         L8. |   .0224719   .0248408     0.90   0.366    -.0263559    .0712998
         L9. |   .0147104    .021688     0.68   0.498    -.0279201    .0573409
        L10. |   .0065857   .0239724     0.27   0.784    -.0405352    .0537066
        L11. |   .0101596   .0210379     0.48   0.629    -.0311931    .0515123
        L12. |   .0044615   .0262965     0.17   0.865    -.0472277    .0561507
             |
  fdiff_l500 |
         L1. |   .3564142   .1997172     1.78   0.075    -.0361555     .748984
         L2. |   .0576046   .1724469     0.33   0.739     -.281362    .3965712
         L3. |   .1224252   .1763043     0.69   0.488    -.2241235    .4689739
         L4. |   .0914498    .151574     0.60   0.547    -.2064884    .3893881
         L5. |   .0690988    .155116     0.45   0.656    -.2358015    .3739991
         L6. |  -.1127682   .1541379    -0.73   0.465    -.4157461    .1902096
         L7. |   .0344356   .1609351     0.21   0.831     -.281903    .3507742
         L8. |   .0325488   .1745792     0.19   0.852    -.3106091    .3757066
         L9. |   .0068765   .1844388     0.04   0.970    -.3556615    .3694146
        L10. |  -.0453885   .1621445    -0.28   0.780    -.3641042    .2733272
        L11. |  -.0719486   .1369244    -0.53   0.600     -.341091    .1971938
        L12. |  -.3080666   .1600819    -1.92   0.055    -.6227281    .0065948
             |
       _cons |   .0631988     .02097     3.01   0.003     .0219796     .104418
------------------------------------------------------------------------------
(1 real change made)
(1 real change made)
(1 real change made)
(est35 stored)

Regression with Newey–West standard errors      Number of obs     =        445
Maximum lag = 10                                F( 25,       419) =       1.06
                                                Prob > F          =     0.3867

------------------------------------------------------------------------------
             |             Newey–West
       dep10 | Coefficient  std. err.      t    P>|t|     [95% conf. interval]
-------------+----------------------------------------------------------------
       Romer |
         --. |  -.0229459    .020005    -1.15   0.252    -.0622686    .0163768
         L1. |  -.0083344   .0236077    -0.35   0.724    -.0547387      .03807
         L2. |   .0059765   .0257521     0.23   0.817     -.044643     .056596
         L3. |   .0145018   .0248995     0.58   0.561    -.0344417    .0634452
         L4. |   .0060793   .0256604     0.24   0.813    -.0443599    .0565185
         L5. |   .0155641   .0257003     0.61   0.545    -.0349534    .0660816
         L6. |    .015992   .0279756     0.57   0.568     -.038998     .070982
         L7. |   .0281648   .0235425     1.20   0.232    -.0181114     .074441
         L8. |   .0189116   .0234321     0.81   0.420    -.0271476    .0649708
         L9. |   .0113325   .0245109     0.46   0.644    -.0368471    .0595121
        L10. |   .0112495   .0258295     0.44   0.663    -.0395221     .062021
        L11. |   .0142157   .0232661     0.61   0.542    -.0315172    .0599486
        L12. |   .0151867   .0239581     0.63   0.527    -.0319063    .0622798
             |
  fdiff_l500 |
         L1. |   .4043946   .2005713     2.02   0.044     .0101432     .798646
         L2. |   .0399247   .1718843     0.23   0.816    -.2979383    .3777877
         L3. |   .1334679   .1791696     0.74   0.457    -.2187153    .4856511
         L4. |   .0395048   .1443081     0.27   0.784    -.2441533    .3231628
         L5. |   .0079048   .1689377     0.05   0.963    -.3241662    .3399758
         L6. |  -.0730699   .1735591    -0.42   0.674     -.414225    .2680852
         L7. |   .0505898   .1706212     0.30   0.767    -.2847904      .38597
         L8. |   .0704605   .1936249     0.36   0.716    -.3101367    .4510577
         L9. |  -.0456599   .1983536    -0.23   0.818     -.435552    .3442322
        L10. |  -.0805757   .1518769    -0.53   0.596    -.3791113    .2179598
        L11. |  -.1327642   .1396526    -0.95   0.342    -.4072712    .1417428
        L12. |  -.3158878   .1634516    -1.93   0.054     -.637175    .0053995
             |
       _cons |   .0705193   .0228476     3.09   0.002     .0256091    .1154296
------------------------------------------------------------------------------
(1 real change made)
(1 real change made)
(1 real change made)
(est36 stored)

Regression with Newey–West standard errors      Number of obs     =        444
Maximum lag = 11                                F( 25,       418) =       1.00
                                                Prob > F          =     0.4656

------------------------------------------------------------------------------
             |             Newey–West
       dep11 | Coefficient  std. err.      t    P>|t|     [95% conf. interval]
-------------+----------------------------------------------------------------
       Romer |
         --. |   -.018552   .0242472    -0.77   0.445    -.0662136    .0291096
         L1. |  -.0051552   .0243795    -0.21   0.833    -.0530768    .0427664
         L2. |   .0066486   .0247072     0.27   0.788    -.0419172    .0552144
         L3. |   .0096676   .0268058     0.36   0.719    -.0430233    .0623586
         L4. |   .0047435     .02887     0.16   0.870     -.052005     .061492
         L5. |   .0144131   .0258263     0.56   0.577    -.0363525    .0651788
         L6. |   .0266651    .024912     1.07   0.285    -.0223032    .0756335
         L7. |   .0282647   .0234749     1.20   0.229    -.0178788    .0744083
         L8. |   .0148505   .0270149     0.55   0.583    -.0382516    .0679526
         L9. |   .0160314   .0260784     0.61   0.539    -.0352298    .0672926
        L10. |   .0159523   .0291523     0.55   0.585    -.0413511    .0732557
        L11. |   .0241367   .0221079     1.09   0.276    -.0193198    .0675932
        L12. |    .032496   .0228019     1.43   0.155    -.0123247    .0773166
             |
  fdiff_l500 |
         L1. |   .4063794   .2023024     2.01   0.045     .0087226    .8040362
         L2. |   .0460631   .1772456     0.26   0.795    -.3023407    .3944669
         L3. |   .0776988   .1746499     0.44   0.657    -.2656027    .4210003
         L4. |  -.0199576   .1522178    -0.13   0.896    -.3191654    .2792503
         L5. |   .0485298   .1934634     0.25   0.802    -.3317526    .4288121
         L6. |  -.0474759   .1839053    -0.26   0.796    -.4089704    .3140187
         L7. |   .1002342   .1907249     0.53   0.599    -.2746653    .4751336
         L8. |   .0249043   .2079117     0.12   0.905    -.3837785     .433587
         L9. |  -.0881455   .1943163    -0.45   0.650    -.4701044    .2938133
        L10. |  -.1275358    .154538    -0.83   0.410    -.4313043    .1762327
        L11. |  -.1153861   .1402426    -0.82   0.411    -.3910548    .1602826
        L12. |  -.3690922   .1779979    -2.07   0.039    -.7189748   -.0192096
             |
       _cons |   .0778591   .0247572     3.14   0.002      .029195    .1265231
------------------------------------------------------------------------------
(1 real change made)
(1 real change made)
(1 real change made)
(est37 stored)

Regression with Newey–West standard errors      Number of obs     =        443
Maximum lag = 12                                F( 25,       417) =       1.15
                                                Prob > F          =     0.2805

------------------------------------------------------------------------------
             |             Newey–West
       dep12 | Coefficient  std. err.      t    P>|t|     [95% conf. interval]
-------------+----------------------------------------------------------------
       Romer |
         --. |  -.0149058   .0255513    -0.58   0.560    -.0651312    .0353195
         L1. |  -.0044209    .023798    -0.19   0.853    -.0511999    .0423581
         L2. |   .0013838   .0254219     0.05   0.957    -.0485872    .0513547
         L3. |   .0084357   .0300935     0.28   0.779    -.0507182    .0675897
         L4. |   .0021189   .0290429     0.07   0.942    -.0549698    .0592076
         L5. |   .0247919   .0232259     1.07   0.286    -.0208626    .0704464
         L6. |   .0266919   .0245257     1.09   0.277    -.0215176    .0749014
         L7. |   .0256946   .0269151     0.95   0.340    -.0272115    .0786007
         L8. |    .019155   .0287961     0.67   0.506    -.0374486    .0757585
         L9. |   .0207161   .0288138     0.72   0.473    -.0359223    .0773544
        L10. |   .0260133   .0277517     0.94   0.349    -.0285374    .0805639
        L11. |   .0409528   .0210841     1.94   0.053    -.0004916    .0823972
        L12. |   .0368949   .0224829     1.64   0.102    -.0072992    .0810889
             |
  fdiff_l500 |
         L1. |   .4195241   .2113717     1.98   0.048     .0040372     .835011
         L2. |  -.0114574   .1662614    -0.07   0.945    -.3382722    .3153575
         L3. |   .0179717   .1872618     0.10   0.924    -.3501231    .3860664
         L4. |   .0212444   .1760584     0.12   0.904    -.3248282    .3673171
         L5. |   .0773698   .2060696     0.38   0.708     -.327695    .4824345
         L6. |   .0074961   .2032667     0.04   0.971    -.3920589    .4070511
         L7. |   .0568305   .2043135     0.28   0.781    -.3447823    .4584432
         L8. |  -.0154637   .2030099    -0.08   0.939    -.4145139    .3835865
         L9. |  -.1388384   .1981927    -0.70   0.484    -.5284196    .2507428
        L10. |    -.10256   .1495572    -0.69   0.493    -.3965399      .19142
        L11. |  -.1675116   .1421065    -1.18   0.239    -.4468459    .1118227
        L12. |  -.3724057   .1879786    -1.98   0.048    -.7419095    -.002902
             |
       _cons |   .0850434   .0266408     3.19   0.002     .0326763    .1374105
------------------------------------------------------------------------------
(1 real change made)
(1 real change made)
(1 real change made)
(est38 stored)

Regression with Newey–West standard errors      Number of obs     =        442
Maximum lag = 13                                F( 25,       416) =       1.18
                                                Prob > F          =     0.2476

------------------------------------------------------------------------------
             |             Newey–West
       dep13 | Coefficient  std. err.      t    P>|t|     [95% conf. interval]
-------------+----------------------------------------------------------------
       Romer |
         --. |  -.0134789    .025469    -0.53   0.597    -.0635428    .0365851
         L1. |  -.0102516    .024644    -0.42   0.678    -.0586939    .0381908
         L2. |  -.0000494   .0282101    -0.00   0.999    -.0555016    .0554028
         L3. |   .0055485   .0306038     0.18   0.856    -.0546089    .0657059
         L4. |   .0114468   .0268074     0.43   0.670     -.041248    .0641417
         L5. |   .0245716    .022942     1.07   0.285    -.0205251    .0696683
         L6. |   .0229246   .0275311     0.83   0.406    -.0311929    .0770422
         L7. |   .0307048   .0282073     1.09   0.277    -.0247417    .0861514
         L8. |   .0233603   .0321748     0.73   0.468    -.0398851    .0866058
         L9. |   .0306676   .0274954     1.12   0.265    -.0233797     .084715
        L10. |   .0424269   .0270478     1.57   0.118    -.0107404    .0955943
        L11. |   .0443764   .0214705     2.07   0.039     .0021723    .0865806
        L12. |   .0387751   .0222788     1.74   0.083    -.0050179    .0825681
             |
  fdiff_l500 |
         L1. |   .3679317   .2003397     1.84   0.067    -.0258726     .761736
         L2. |  -.0758119   .1763859    -0.43   0.668    -.4225307    .2709069
         L3. |   .0602947   .2104321     0.29   0.775     -.353348    .4739374
         L4. |   .0468478     .18743     0.25   0.803      -.32158    .4152757
         L5. |   .1374275   .2283028     0.60   0.548    -.3113435    .5861984
         L6. |  -.0298015   .2116914    -0.14   0.888    -.4459197    .3863168
         L7. |   .0130155      .2055     0.06   0.950    -.3909323    .4169634
         L8. |  -.0621431   .2083649    -0.30   0.766    -.4717225    .3474362
         L9. |  -.1187435   .1955234    -0.61   0.544    -.5030804    .2655935
        L10. |  -.1444067   .1539615    -0.94   0.349    -.4470462    .1582328
        L11. |  -.1855623   .1421581    -1.31   0.193    -.4650001    .0938754
        L12. |  -.3190949   .1871369    -1.71   0.089    -.6869467     .048757
             |
       _cons |   .0919079   .0284091     3.24   0.001     .0360646    .1477513
------------------------------------------------------------------------------
(1 real change made)
(1 real change made)
(1 real change made)
(est39 stored)

Regression with Newey–West standard errors      Number of obs     =        441
Maximum lag = 14                                F( 25,       415) =       0.88
                                                Prob > F          =     0.6327

------------------------------------------------------------------------------
             |             Newey–West
       dep14 | Coefficient  std. err.      t    P>|t|     [95% conf. interval]
-------------+----------------------------------------------------------------
       Romer |
         --. |  -.0184285   .0248007    -0.74   0.458    -.0671792    .0303221
         L1. |  -.0112229   .0269912    -0.42   0.678    -.0642793    .0418336
         L2. |  -.0032341   .0287203    -0.11   0.910    -.0596896    .0532213
         L3. |   .0149211   .0277093     0.54   0.591     -.039547    .0693892
         L4. |   .0104092   .0256942     0.41   0.686    -.0400978    .0609161
         L5. |   .0207273   .0256529     0.81   0.420    -.0296987    .0711532
         L6. |   .0278119   .0282394     0.98   0.325    -.0276981    .0833219
         L7. |   .0359764   .0305752     1.18   0.240    -.0241251     .096078
         L8. |   .0328309   .0309739     1.06   0.290    -.0280544    .0937162
         L9. |   .0472755   .0263075     1.80   0.073    -.0044371    .0989881
        L10. |    .045512   .0252303     1.80   0.072    -.0040831     .095107
        L11. |   .0447572   .0201973     2.22   0.027     .0050554     .084459
        L12. |    .046548   .0238105     1.95   0.051    -.0002562    .0933522
             |
  fdiff_l500 |
         L1. |   .2854927   .2073679     1.38   0.169    -.1221296    .6931151
         L2. |  -.0303889   .1965456    -0.15   0.877    -.4167379    .3559601
         L3. |    .082288   .2253025     0.37   0.715    -.3605883    .5251643
         L4. |   .1072619   .2124465     0.50   0.614    -.3103435    .5248673
         L5. |   .0937168   .2411591     0.39   0.698    -.3803289    .5677625
         L6. |  -.0634092   .2072263    -0.31   0.760    -.4707533    .3439348
         L7. |  -.0378878     .20999    -0.18   0.857    -.4506644    .3748888
         L8. |  -.0384485   .2014721    -0.19   0.849    -.4344814    .3575845
         L9. |  -.1644377   .1958645    -0.84   0.402    -.5494479    .2205726
        L10. |  -.1555159   .1627001    -0.96   0.340     -.475335    .1643032
        L11. |  -.1412431   .1355517    -1.04   0.298    -.4076965    .1252104
        L12. |  -.2832681   .1961757    -1.44   0.150    -.6688901    .1023538
             |
       _cons |   .0983685   .0301209     3.27   0.001     .0391599    .1575771
------------------------------------------------------------------------------
(1 real change made)
(1 real change made)
(1 real change made)
(est40 stored)

Regression with Newey–West standard errors      Number of obs     =        440
Maximum lag = 15                                F( 25,       414) =       1.07
                                                Prob > F          =     0.3786

------------------------------------------------------------------------------
             |             Newey–West
       dep15 | Coefficient  std. err.      t    P>|t|     [95% conf. interval]
-------------+----------------------------------------------------------------
       Romer |
         --. |  -.0193686   .0261769    -0.74   0.460    -.0708248    .0320877
         L1. |  -.0138067   .0269921    -0.51   0.609    -.0668654    .0392519
         L2. |    .006834   .0246574     0.28   0.782    -.0416353    .0553032
         L3. |   .0135384   .0270052     0.50   0.616    -.0395461    .0666229
         L4. |   .0080254    .027339     0.29   0.769    -.0457153     .061766
         L5. |   .0255895   .0257463     0.99   0.321    -.0250203    .0761992
         L6. |   .0331424   .0299903     1.11   0.270    -.0258099    .0920946
         L7. |   .0440703    .029124     1.51   0.131    -.0131791    .1013197
         L8. |   .0493924    .029099     1.70   0.090    -.0078079    .1065926
         L9. |   .0493805   .0245087     2.01   0.045     .0012036    .0975575
        L10. |   .0460269   .0231682     1.99   0.048     .0004849    .0915688
        L11. |   .0521538   .0198562     2.63   0.009     .0131223    .0911852
        L12. |    .044406   .0259574     1.71   0.088    -.0066188    .0954308
             |
  fdiff_l500 |
         L1. |   .3052092   .2350258     1.30   0.195    -.1567836     .767202
         L2. |  -.0036943   .2088348    -0.02   0.986    -.4142032    .4068145
         L3. |   .1391959   .2466104     0.56   0.573    -.3455687    .6239605
         L4. |   .0665071   .2240828     0.30   0.767    -.3739748     .506989
         L5. |   .0464927   .2367718     0.20   0.844    -.4189323    .5119176
         L6. |  -.1084708   .2105838    -0.52   0.607    -.5224175    .3054759
         L7. |  -.0121017   .2088328    -0.06   0.954    -.4226065    .3984031
         L8. |  -.0922052   .1976397    -0.47   0.641    -.4807077    .2962973
         L9. |  -.1737438   .2010571    -0.86   0.388    -.5689639    .2214763
        L10. |  -.1144149   .1533429    -0.75   0.456    -.4158427    .1870129
        L11. |  -.1135716   .1514722    -0.75   0.454     -.411322    .1841789
        L12. |  -.2661524   .1915616    -1.39   0.165    -.6427071    .1104024
             |
       _cons |   .1043892   .0316391     3.30   0.001     .0421959    .1665825
------------------------------------------------------------------------------
(1 real change made)
(1 real change made)
(1 real change made)
(est41 stored)

Regression with Newey–West standard errors      Number of obs     =        439
Maximum lag = 16                                F( 25,       413) =       0.85
                                                Prob > F          =     0.6741

------------------------------------------------------------------------------
             |             Newey–West
       dep16 | Coefficient  std. err.      t    P>|t|     [95% conf. interval]
-------------+----------------------------------------------------------------
       Romer |
         --. |  -.0217657   .0268066    -0.81   0.417    -.0744601    .0309287
         L1. |   -.003657   .0236271    -0.15   0.877    -.0501014    .0427873
         L2. |    .004629   .0235118     0.20   0.844    -.0415888    .0508468
         L3. |   .0114898   .0283878     0.40   0.686    -.0443128    .0672925
         L4. |   .0114182   .0276346     0.41   0.680    -.0429037    .0657402
         L5. |   .0309716    .026872     1.15   0.250    -.0218514    .0837946
         L6. |   .0414445   .0279028     1.49   0.138    -.0134048    .0962938
         L7. |    .062389   .0289871     2.15   0.032     .0054083    .1193697
         L8. |    .051329    .027145     1.89   0.059    -.0020306    .1046887
         L9. |   .0505671   .0222181     2.28   0.023     .0068924    .0942419
        L10. |   .0532161   .0229493     2.32   0.021     .0081042    .0983281
        L11. |   .0490373    .021776     2.25   0.025     .0062316    .0918429
        L12. |   .0561904   .0265714     2.11   0.035     .0039582    .1084225
             |
  fdiff_l500 |
         L1. |   .3296687   .2521358     1.31   0.192    -.1659609    .8252983
         L2. |   .0533603   .2284264     0.23   0.815     -.395663    .5023837
         L3. |   .0964556   .2620231     0.37   0.713    -.4186096    .6115208
         L4. |   .0196771   .2169147     0.09   0.928    -.4067176    .4460717
         L5. |  -.0014474   .2404133    -0.01   0.995    -.4740337    .4711389
         L6. |  -.0787123   .1978335    -0.40   0.691    -.4675984    .3101738
         L7. |  -.0680734   .2043088    -0.33   0.739    -.4696884    .3335415
         L8. |  -.0933373   .1958369    -0.48   0.634    -.4782988    .2916241
         L9. |  -.1364114   .1876899    -0.73   0.468    -.5053581    .2325353
        L10. |  -.0822889   .1697976    -0.48   0.628    -.4160643    .2514864
        L11. |  -.0873446   .1404334    -0.62   0.534     -.363398    .1887087
        L12. |  -.2685392   .1942218    -1.38   0.168    -.6503257    .1132473
             |
       _cons |   .1105021   .0329963     3.35   0.001     .0456405    .1753638
------------------------------------------------------------------------------
(1 real change made)
(1 real change made)
(1 real change made)
(est42 stored)

Regression with Newey–West standard errors      Number of obs     =        438
Maximum lag = 17                                F( 25,       412) =       1.15
                                                Prob > F          =     0.2791

------------------------------------------------------------------------------
             |             Newey–West
       dep17 | Coefficient  std. err.      t    P>|t|     [95% conf. interval]
-------------+----------------------------------------------------------------
       Romer |
         --. |  -.0122965   .0243307    -0.51   0.614    -.0601242    .0355312
         L1. |  -.0059456   .0228151    -0.26   0.795    -.0507941    .0389029
         L2. |   .0026331   .0242498     0.11   0.914    -.0450356    .0503018
         L3. |   .0149256   .0289096     0.52   0.606    -.0419032    .0717543
         L4. |   .0176849   .0284273     0.62   0.534    -.0381957    .0735655
         L5. |   .0395016   .0255855     1.54   0.123    -.0107927    .0897959
         L6. |   .0601086   .0276209     2.18   0.030     .0058132    .1144039
         L7. |   .0633695   .0297906     2.13   0.034     .0048089      .12193
         L8. |   .0530011   .0248525     2.13   0.034     .0041476    .1018545
         L9. |   .0579386   .0219176     2.64   0.009     .0148543    .1010228
        L10. |   .0501693   .0248119     2.02   0.044     .0013955     .098943
        L11. |   .0616433   .0228226     2.70   0.007     .0167801    .1065065
        L12. |   .0519578   .0260253     2.00   0.047     .0007988    .1031167
             |
  fdiff_l500 |
         L1. |   .3898391   .2731438     1.43   0.154    -.1470902    .9267684
         L2. |   .0118621   .2433274     0.05   0.961    -.4664559    .4901801
         L3. |   .0513247   .2599936     0.20   0.844    -.4597547    .5624041
         L4. |  -.0278888   .2232778    -0.12   0.901    -.4667946    .4110169
         L5. |   .0295865   .2284262     0.13   0.897    -.4194397    .4786127
         L6. |   -.142276   .1979093    -0.72   0.473    -.5313139    .2467619
         L7. |  -.0703544   .2041701    -0.34   0.731    -.4716996    .3309907
         L8. |   -.056713   .1906726    -0.30   0.766    -.4315254    .3180995
         L9. |  -.1013321   .2076114    -0.49   0.626    -.5094418    .3067776
        L10. |  -.0631699   .1596077    -0.40   0.692    -.3769169    .2505771
        L11. |  -.0830366   .1393955    -0.60   0.552    -.3570517    .1909785
        L12. |  -.2929839   .2047295    -1.43   0.153    -.6954286    .1094607
             |
       _cons |   .1169445   .0342252     3.42   0.001     .0496668    .1842223
------------------------------------------------------------------------------
(1 real change made)
(1 real change made)
(1 real change made)
(est43 stored)

Regression with Newey–West standard errors      Number of obs     =        437
Maximum lag = 18                                F( 25,       411) =       1.21
                                                Prob > F          =     0.2258

------------------------------------------------------------------------------
             |             Newey–West
       dep18 | Coefficient  std. err.      t    P>|t|     [95% conf. interval]
-------------+----------------------------------------------------------------
       Romer |
         --. |  -.0141598   .0241886    -0.59   0.559    -.0617086    .0333891
         L1. |  -.0083574    .023203    -0.36   0.719    -.0539688     .037254
         L2. |   .0050301   .0245878     0.20   0.838    -.0433034    .0533637
         L3. |   .0217588   .0299286     0.73   0.468    -.0370735    .0805911
         L4. |    .023519   .0273033     0.86   0.390    -.0301525    .0771905
         L5. |   .0580547   .0248769     2.33   0.020     .0091529    .1069565
         L6. |    .061418   .0279719     2.20   0.029     .0064322    .1164037
         L7. |   .0670914    .027449     2.44   0.015     .0131334    .1210494
         L8. |   .0601247   .0243373     2.47   0.014     .0122835    .1079659
         L9. |   .0560194    .023719     2.36   0.019     .0093938    .1026451
        L10. |   .0626801   .0249839     2.51   0.012     .0135679    .1117924
        L11. |   .0575399   .0222947     2.58   0.010     .0137141    .1013657
        L12. |   .0556719   .0261649     2.13   0.034     .0042382    .1071056
             |
  fdiff_l500 |
         L1. |   .3736054   .2925095     1.28   0.202    -.2013961    .9486068
         L2. |  -.0364878   .2412314    -0.15   0.880     -.510689    .4377133
         L3. |    .005938   .2672443     0.02   0.982    -.5193982    .5312742
         L4. |   .0030362   .2106357     0.01   0.989    -.4110215    .4170939
         L5. |  -.0184024   .2339402    -0.08   0.937    -.4782708    .4414661
         L6. |  -.1482249   .2006792    -0.74   0.461    -.5427106    .2462607
         L7. |  -.0344027    .201948    -0.17   0.865    -.4313825    .3625771
         L8. |  -.0135546   .2073677    -0.07   0.948    -.4211881    .3940789
         L9. |  -.0840805   .1989774    -0.42   0.673    -.4752209    .3070599
        L10. |  -.0538698   .1513061    -0.36   0.722    -.3513001    .2435605
        L11. |  -.0966734    .152655    -0.63   0.527    -.3967553    .2034085
        L12. |  -.3320779   .2052645    -1.62   0.106    -.7355772    .0714214
             |
       _cons |   .1236353   .0354108     3.49   0.001     .0540264    .1932441
------------------------------------------------------------------------------
(1 real change made)
(1 real change made)
(1 real change made)
(est44 stored)

Regression with Newey–West standard errors      Number of obs     =        436
Maximum lag = 19                                F( 25,       410) =       1.20
                                                Prob > F          =     0.2293

------------------------------------------------------------------------------
             |             Newey–West
       dep19 | Coefficient  std. err.      t    P>|t|     [95% conf. interval]
-------------+----------------------------------------------------------------
       Romer |
         --. |  -.0163588   .0247519    -0.66   0.509    -.0650152    .0322976
         L1. |  -.0049832   .0227729    -0.22   0.827    -.0497494    .0397829
         L2. |   .0116128   .0249792     0.46   0.642    -.0374905     .060716
         L3. |   .0283604   .0282072     1.01   0.315    -.0270884    .0838092
         L4. |   .0419461   .0262159     1.60   0.110    -.0095883    .0934805
         L5. |   .0598231   .0253393     2.36   0.019     .0100119    .1096343
         L6. |   .0666458   .0253863     2.63   0.009     .0167423    .1165493
         L7. |   .0752221   .0259278     2.90   0.004     .0242541      .12619
         L8. |   .0584708   .0253543     2.31   0.022     .0086302    .1083115
         L9. |   .0694455   .0240786     2.88   0.004     .0221126    .1167783
        L10. |   .0590324   .0240375     2.46   0.014     .0117802    .1062846
        L11. |   .0616405   .0227435     2.71   0.007     .0169321     .106349
        L12. |   .0610764   .0273032     2.24   0.026     .0074047    .1147481
             |
  fdiff_l500 |
         L1. |   .3156273   .2937194     1.07   0.283    -.2617564    .8930111
         L2. |  -.0777491   .2460837    -0.32   0.752    -.5614923    .4059941
         L3. |   .0350308    .256948     0.14   0.892     -.470069    .5401306
         L4. |  -.0426605   .2134265    -0.20   0.842    -.4622072    .3768862
         L5. |  -.0296711   .2403062    -0.12   0.902     -.502057    .4427149
         L6. |  -.1144394   .1944932    -0.59   0.557    -.4967677    .2678888
         L7. |   .0162315   .2165002     0.07   0.940    -.4093575    .4418204
         L8. |  -.0002042   .1961424    -0.00   0.999    -.3857745    .3853662
         L9. |  -.0718092   .1903152    -0.38   0.706    -.4459244    .3023061
        L10. |  -.0751365   .1604066    -0.47   0.640    -.3904585    .2401855
        L11. |  -.1143882   .1468009    -0.78   0.436    -.4029646    .1741882
        L12. |  -.3991305   .2100896    -1.90   0.058    -.8121177    .0138567
             |
       _cons |   .1307783   .0363661     3.60   0.000      .059291    .2022656
------------------------------------------------------------------------------
(1 real change made)
(1 real change made)
(1 real change made)
(est45 stored)

Regression with Newey–West standard errors      Number of obs     =        435
Maximum lag = 20                                F( 25,       409) =       1.14
                                                Prob > F          =     0.2927

------------------------------------------------------------------------------
             |             Newey–West
       dep20 | Coefficient  std. err.      t    P>|t|     [95% conf. interval]
-------------+----------------------------------------------------------------
       Romer |
         --. |  -.0132022   .0237817    -0.56   0.579    -.0599518    .0335474
         L1. |   .0031381   .0233166     0.13   0.893    -.0426974    .0489735
         L2. |   .0180521    .023074     0.78   0.434    -.0273063    .0634106
         L3. |   .0474772   .0268969     1.77   0.078    -.0053963    .1003507
         L4. |   .0434029   .0259342     1.67   0.095    -.0075781    .0943839
         L5. |   .0650889   .0229202     2.84   0.005     .0200327     .110145
         L6. |   .0770254   .0240564     3.20   0.001     .0297358     .124315
         L7. |    .074682   .0265002     2.82   0.005     .0225883    .1267756
         L8. |   .0722822   .0250812     2.88   0.004      .022978    .1215865
         L9. |   .0657994   .0235275     2.80   0.005     .0195495    .1120494
        L10. |   .0640653   .0237595     2.70   0.007     .0173594    .1107711
        L11. |   .0676372   .0237528     2.85   0.005     .0209443    .1143301
        L12. |   .0695293   .0292177     2.38   0.018     .0120937     .126965
             |
  fdiff_l500 |
         L1. |   .2589614   .2989509     0.87   0.387    -.3287106    .8466333
         L2. |  -.0401203   .2381978    -0.17   0.866     -.508365    .4281245
         L3. |  -.0189227   .2598469    -0.07   0.942    -.5297249    .4918794
         L4. |  -.0461739   .2171222    -0.21   0.832    -.4729886    .3806409
         L5. |  -.0096115   .2302897    -0.04   0.967    -.4623106    .4430876
         L6. |  -.0557175   .2088031    -0.27   0.790    -.4661787    .3547438
         L7. |   .0369652   .2074541     0.18   0.859    -.3708441    .4447745
         L8. |   .0089752   .1888703     0.05   0.962    -.3623025    .3802529
         L9. |  -.0922554   .1982759    -0.47   0.642    -.4820225    .2975117
        L10. |  -.0966329   .1514054    -0.64   0.524    -.3942627     .200997
        L11. |  -.1529693   .1503001    -1.02   0.309    -.4484264    .1424879
        L12. |  -.4927921   .2221175    -2.22   0.027    -.9294264   -.0561578
             |
       _cons |   .1381117   .0370854     3.72   0.000     .0652101    .2110134
------------------------------------------------------------------------------
(1 real change made)
(1 real change made)
(1 real change made)
(est46 stored)

Regression with Newey–West standard errors      Number of obs     =        434
Maximum lag = 21                                F( 25,       408) =       1.44
                                                Prob > F          =     0.0789

------------------------------------------------------------------------------
             |             Newey–West
       dep21 | Coefficient  std. err.      t    P>|t|     [95% conf. interval]
-------------+----------------------------------------------------------------
       Romer |
         --. |  -.0046303    .023986    -0.19   0.847    -.0517818    .0425213
         L1. |   .0105192    .022068     0.48   0.634     -.032862    .0539005
         L2. |   .0371866    .021895     1.70   0.090    -.0058545    .0802276
         L3. |    .049251   .0271687     1.81   0.071     -.004157    .1026591
         L4. |   .0485501    .022769     2.13   0.034     .0037909    .0933093
         L5. |   .0760288   .0220935     3.44   0.001     .0325975    .1194602
         L6. |   .0773684   .0251432     3.08   0.002     .0279421    .1267948
         L7. |   .0889491   .0278985     3.19   0.002     .0341064    .1437919
         L8. |   .0686961   .0239931     2.86   0.004     .0215306    .1158616
         L9. |   .0712942   .0236321     3.02   0.003     .0248383    .1177502
        L10. |   .0703514   .0243803     2.89   0.004     .0224247    .1182781
        L11. |   .0762037   .0250645     3.04   0.003      .026932    .1254754
        L12. |    .070359   .0323692     2.17   0.030     .0067278    .1339901
             |
  fdiff_l500 |
         L1. |   .2828873    .288824     0.98   0.328    -.2848816    .8506562
         L2. |  -.0892768    .242681    -0.37   0.713     -.566338    .3877845
         L3. |  -.0241054   .2594531    -0.09   0.926    -.5341371    .4859262
         L4. |  -.0230216   .2078372    -0.11   0.912     -.431587    .3855438
         L5. |   .0481032     .24234     0.20   0.843    -.4282877    .5244941
         L6. |  -.0364834   .1984576    -0.18   0.854    -.4266103    .3536436
         L7. |   .0451147   .1955292     0.23   0.818    -.3392557     .429485
         L8. |  -.0120556   .1997866    -0.06   0.952    -.4047953     .380684
         L9. |  -.1120947   .1903573    -0.59   0.556    -.4862982    .2621088
        L10. |  -.1376988   .1516359    -0.91   0.364    -.4357839    .1603864
        L11. |  -.2449728   .1509013    -1.62   0.105    -.5416138    .0516683
        L12. |  -.5152003   .2276428    -2.26   0.024    -.9626994   -.0677012
             |
       _cons |   .1454382   .0376627     3.86   0.000     .0714011    .2194754
------------------------------------------------------------------------------
(1 real change made)
(1 real change made)
(1 real change made)
(est47 stored)

Regression with Newey–West standard errors      Number of obs     =        433
Maximum lag = 22                                F( 25,       407) =       1.13
                                                Prob > F          =     0.3091

------------------------------------------------------------------------------
             |             Newey–West
       dep22 | Coefficient  std. err.      t    P>|t|     [95% conf. interval]
-------------+----------------------------------------------------------------
       Romer |
         --. |   .0037207   .0225988     0.16   0.869    -.0407043    .0481457
         L1. |   .0292894   .0209869     1.40   0.164    -.0119668    .0705456
         L2. |   .0383483   .0225086     1.70   0.089    -.0058993     .082596
         L3. |   .0546421   .0239777     2.28   0.023     .0075064    .1017777
         L4. |   .0577782   .0219381     2.63   0.009      .014652    .1009044
         L5. |   .0766943   .0240195     3.19   0.002     .0294766    .1239121
         L6. |   .0912054   .0266284     3.43   0.001     .0388591    .1435517
         L7. |   .0863097   .0290503     2.97   0.003     .0292022    .1434171
         L8. |   .0740932   .0243877     3.04   0.003     .0261517    .1220348
         L9. |   .0789065    .024805     3.18   0.002     .0301445    .1276684
        L10. |   .0779551   .0261639     2.98   0.003     .0265218    .1293884
        L11. |   .0762321   .0281785     2.71   0.007     .0208386    .1316256
        L12. |   .0713791   .0330735     2.16   0.031     .0063629    .1363952
             |
  fdiff_l500 |
         L1. |   .2389832   .2924337     0.82   0.414    -.3358859    .8138522
         L2. |    -.09532     .24225    -0.39   0.694    -.5715374    .3808974
         L3. |   .0014359   .2532142     0.01   0.995     -.496335    .4992067
         L4. |   .0314717   .2216017     0.14   0.887    -.4041551    .4670985
         L5. |   .0807302   .2352718     0.34   0.732    -.3817694    .5432299
         L6. |    -.03052   .1917321    -0.16   0.874    -.4074289    .3463888
         L7. |   .0108191   .2025841     0.05   0.957    -.3874227    .4090609
         L8. |  -.0204614   .1973566    -0.10   0.917     -.408427    .3675042
         L9. |  -.1568755   .1879007    -0.83   0.404    -.5262525    .2125015
        L10. |  -.2254508   .1587538    -1.42   0.156    -.5375305    .0866289
        L11. |  -.2796766   .1488937    -1.88   0.061    -.5723734    .0130201
        L12. |  -.4780818   .2449974    -1.95   0.052    -.9597001    .0035365
             |
       _cons |   .1527906   .0383274     3.99   0.000     .0774462     .228135
------------------------------------------------------------------------------
(1 real change made)
(1 real change made)
(1 real change made)
(est48 stored)

Regression with Newey–West standard errors      Number of obs     =        432
Maximum lag = 23                                F( 25,       406) =       1.39
                                                Prob > F          =     0.1013

------------------------------------------------------------------------------
             |             Newey–West
       dep23 | Coefficient  std. err.      t    P>|t|     [95% conf. interval]
-------------+----------------------------------------------------------------
       Romer |
         --. |   .0237948   .0215904     1.10   0.271    -.0186482    .0662378
         L1. |    .030684   .0212844     1.44   0.150    -.0111574    .0725254
         L2. |   .0434218   .0197293     2.20   0.028     .0046374    .0822061
         L3. |   .0639473   .0230422     2.78   0.006     .0186505    .1092442
         L4. |   .0566306   .0231962     2.44   0.015     .0110311    .1022302
         L5. |    .090188   .0255638     3.53   0.000     .0399341     .140442
         L6. |   .0881247    .027057     3.26   0.001     .0349353    .1413141
         L7. |   .0932473   .0306022     3.05   0.002     .0330887    .1534059
         L8. |   .0809779   .0255223     3.17   0.002     .0308056    .1311502
         L9. |   .0864456   .0265076     3.26   0.001     .0343364    .1385549
        L10. |   .0778752   .0301092     2.59   0.010     .0186859    .1370645
        L11. |   .0759983   .0286816     2.65   0.008     .0196154    .1323812
        L12. |   .0752914   .0347188     2.17   0.031     .0070404    .1435424
             |
  fdiff_l500 |
         L1. |   .2318433   .2960806     0.78   0.434    -.3501991    .8138858
         L2. |  -.0704052   .2386963    -0.29   0.768    -.5396402    .3988297
         L3. |   .0559792   .2609496     0.21   0.830    -.4570019    .5689603
         L4. |   .0628033   .2143702     0.29   0.770    -.3586109    .4842175
         L5. |   .0892862   .2234916     0.40   0.690    -.3500589    .5286313
         L6. |  -.0537715   .2041005    -0.26   0.792    -.4549972    .3474542
         L7. |   .0038245    .210962     0.02   0.986    -.4108897    .4185386
         L8. |  -.0635806   .1979913    -0.32   0.748    -.4527966    .3256354
         L9. |  -.2501924   .1919493    -1.30   0.193    -.6275311    .1271462
        L10. |  -.2486507   .1490357    -1.67   0.096    -.5416287    .0443273
        L11. |  -.2555363   .1654805    -1.54   0.123    -.5808419    .0697693
        L12. |  -.4473225   .2484937    -1.80   0.073    -.9358174    .0411723
             |
       _cons |   .1595726   .0389244     4.10   0.000      .083054    .2360913
------------------------------------------------------------------------------
(1 real change made)
(1 real change made)
(1 real change made)
(est49 stored)

Regression with Newey–West standard errors      Number of obs     =        431
Maximum lag = 24                                F( 25,       405) =       1.08
                                                Prob > F          =     0.3615

------------------------------------------------------------------------------
             |             Newey–West
       dep24 | Coefficient  std. err.      t    P>|t|     [95% conf. interval]
-------------+----------------------------------------------------------------
       Romer |
         --. |   .0270726   .0224205     1.21   0.228    -.0170025    .0711476
         L1. |   .0362588   .0181089     2.00   0.046     .0006596     .071858
         L2. |   .0512364   .0194047     2.64   0.009     .0130898     .089383
         L3. |   .0635415   .0242605     2.62   0.009     .0158493    .1112338
         L4. |    .065137   .0247549     2.63   0.009     .0164729    .1138012
         L5. |   .0865277   .0264224     3.27   0.001     .0345856    .1384698
         L6. |   .0955544   .0280789     3.40   0.001     .0403558    .1507531
         L7. |   .1043592   .0322384     3.24   0.001     .0409837    .1677347
         L8. |   .0874617   .0275874     3.17   0.002     .0332294     .141694
         L9. |   .0873787   .0304327     2.87   0.004      .027553    .1472045
        L10. |   .0778207   .0309049     2.52   0.012     .0170667    .1385747
        L11. |   .0787965   .0300477     2.62   0.009     .0197275    .1378655
        L12. |   .0847764   .0378761     2.24   0.026      .010318    .1592347
             |
  fdiff_l500 |
         L1. |   .2764832   .2879386     0.96   0.338    -.2895577    .8425242
         L2. |  -.0177349   .2419532    -0.07   0.942    -.4933759     .457906
         L3. |   .0857211   .2480683     0.35   0.730    -.4019412    .5733834
         L4. |   .0744945   .2103966     0.35   0.723    -.3391113    .4881003
         L5. |    .081793   .2295738     0.36   0.722    -.3695121     .533098
         L6. |  -.0509288   .2079471    -0.24   0.807    -.4597192    .3578617
         L7. |   -.036218   .2099046    -0.17   0.863    -.4488567    .3764206
         L8. |  -.1466238   .1889675    -0.78   0.438    -.5181033    .2248558
         L9. |  -.2828408   .1761707    -1.61   0.109     -.629164    .0634824
        L10. |  -.2066378   .1628142    -1.27   0.205    -.5267043    .1134287
        L11. |  -.2205899   .1738822    -1.27   0.205    -.5624142    .1212344
        L12. |  -.4840204   .2423319    -2.00   0.046    -.9604058    -.007635
             |
       _cons |   .1660131   .0395003     4.20   0.000     .0883619    .2436642
------------------------------------------------------------------------------
(1 real change made)
(1 real change made)
(1 real change made)
(est50 stored)

. 
. twoway ///
> (rarea u d  Years,  ///
> fcolor(gs13) lcolor(gs13) lw(none) lpattern(solid)) ///
> (line b Years, lcolor(blue) lpattern(solid) lwidth(thick)) ///
> (line Zero Years, lcolor(black)), legend(off) ///
> title("Full Cumulative Response of S&P 500 to 1pp R&R MP shock", color(black) size(medsmall)) ///
> ytitle("Percent Change S&P500", size(medsmall)) xtitle("Months After Shock", size(medsmall)) ///
> graphregion(color(white)) plotregion(color(white))

. 
. graph export "$path/full_irf.png", replace
file /Users/bradleychao/Desktop/EC15_Research/Data_Manip/full_irf.png saved as PNG format

. 
end of do-file

. exit, clear
